Archive member included to satisfy reference by file (symbol)

c:/program files (x86)/atmel/studio/7.0/toolchain/avr8/avr8-gnu-toolchain/bin/../lib/gcc/avr/5.4.0/../../../../avr/lib/avr5\libm.a(fixsfsi.o)
                              main.o (__fixsfsi)
c:/program files (x86)/atmel/studio/7.0/toolchain/avr8/avr8-gnu-toolchain/bin/../lib/gcc/avr/5.4.0/../../../../avr/lib/avr5\libm.a(fixunssfsi.o)
                              c:/program files (x86)/atmel/studio/7.0/toolchain/avr8/avr8-gnu-toolchain/bin/../lib/gcc/avr/5.4.0/../../../../avr/lib/avr5\libm.a(fixsfsi.o) (__fixunssfsi)
c:/program files (x86)/atmel/studio/7.0/toolchain/avr8/avr8-gnu-toolchain/bin/../lib/gcc/avr/5.4.0/../../../../avr/lib/avr5\libm.a(fp_split3.o)
                              c:/program files (x86)/atmel/studio/7.0/toolchain/avr8/avr8-gnu-toolchain/bin/../lib/gcc/avr/5.4.0/../../../../avr/lib/avr5\libm.a(fixunssfsi.o) (__fp_splitA)
c:/program files (x86)/atmel/studio/7.0/toolchain/avr8/avr8-gnu-toolchain/bin/../lib/gcc/avr/5.4.0/../../../../avr/lib/avr5\libm.a(fp_zero.o)
                              c:/program files (x86)/atmel/studio/7.0/toolchain/avr8/avr8-gnu-toolchain/bin/../lib/gcc/avr/5.4.0/../../../../avr/lib/avr5\libm.a(fixunssfsi.o) (__fp_zero)
c:/program files (x86)/atmel/studio/7.0/toolchain/avr8/avr8-gnu-toolchain/bin/../lib/gcc/avr/5.4.0/../../../../avr/lib/avr5\libm.a(mulsf3.o)
                              main.o (__mulsf3)
c:/program files (x86)/atmel/studio/7.0/toolchain/avr8/avr8-gnu-toolchain/bin/../lib/gcc/avr/5.4.0/../../../../avr/lib/avr5\libm.a(mulsf3x.o)
                              c:/program files (x86)/atmel/studio/7.0/toolchain/avr8/avr8-gnu-toolchain/bin/../lib/gcc/avr/5.4.0/../../../../avr/lib/avr5\libm.a(mulsf3.o) (__mulsf3x)
c:/program files (x86)/atmel/studio/7.0/toolchain/avr8/avr8-gnu-toolchain/bin/../lib/gcc/avr/5.4.0/../../../../avr/lib/avr5\libm.a(fp_inf.o)
                              c:/program files (x86)/atmel/studio/7.0/toolchain/avr8/avr8-gnu-toolchain/bin/../lib/gcc/avr/5.4.0/../../../../avr/lib/avr5\libm.a(mulsf3x.o) (__fp_inf)
c:/program files (x86)/atmel/studio/7.0/toolchain/avr8/avr8-gnu-toolchain/bin/../lib/gcc/avr/5.4.0/../../../../avr/lib/avr5\libm.a(fp_nan.o)
                              c:/program files (x86)/atmel/studio/7.0/toolchain/avr8/avr8-gnu-toolchain/bin/../lib/gcc/avr/5.4.0/../../../../avr/lib/avr5\libm.a(mulsf3x.o) (__fp_nan)
c:/program files (x86)/atmel/studio/7.0/toolchain/avr8/avr8-gnu-toolchain/bin/../lib/gcc/avr/5.4.0/../../../../avr/lib/avr5\libm.a(fp_pscA.o)
                              c:/program files (x86)/atmel/studio/7.0/toolchain/avr8/avr8-gnu-toolchain/bin/../lib/gcc/avr/5.4.0/../../../../avr/lib/avr5\libm.a(mulsf3x.o) (__fp_pscA)
c:/program files (x86)/atmel/studio/7.0/toolchain/avr8/avr8-gnu-toolchain/bin/../lib/gcc/avr/5.4.0/../../../../avr/lib/avr5\libm.a(fp_pscB.o)
                              c:/program files (x86)/atmel/studio/7.0/toolchain/avr8/avr8-gnu-toolchain/bin/../lib/gcc/avr/5.4.0/../../../../avr/lib/avr5\libm.a(mulsf3x.o) (__fp_pscB)
c:/program files (x86)/atmel/studio/7.0/toolchain/avr8/avr8-gnu-toolchain/bin/../lib/gcc/avr/5.4.0/../../../../avr/lib/avr5\libm.a(fp_round.o)
                              c:/program files (x86)/atmel/studio/7.0/toolchain/avr8/avr8-gnu-toolchain/bin/../lib/gcc/avr/5.4.0/../../../../avr/lib/avr5\libm.a(mulsf3.o) (__fp_round)
../../01 System/Debug\libSystem.a(line_sensors.o)
                              main.o (lineRead)
../../01 System/Debug\libSystem.a(log.o)
                              main.o (_log_Debug)
../../01 System/Debug\libSystem.a(motor.o)
                              main.o (motorDirection)
../../01 System/Debug\libSystem.a(pid.o)
                              main.o (pid_Init)
../../01 System/Debug\libSystem.a(system.o)
                              main.o (stopwatches)
../../01 System/Debug\libSystem.a(timer.o)
                              main.o (setStopwatch)
../../01 System/Debug\libSystem.a(uart.o)
                              ../../01 System/Debug\libSystem.a(system.o) (uart_init)
../../01 System/Debug\libSystem.a(encoder.o)
                              ../../01 System/Debug\libSystem.a(system.o) (encoderInit)
c:/program files (x86)/atmel/studio/7.0/toolchain/avr8/avr8-gnu-toolchain/bin/../lib/gcc/avr/5.4.0/../../../../avr/lib/avr5\libm.a(addsf3.o)
                              ../../01 System/Debug\libSystem.a(motor.o) (__addsf3)
c:/program files (x86)/atmel/studio/7.0/toolchain/avr8/avr8-gnu-toolchain/bin/../lib/gcc/avr/5.4.0/../../../../avr/lib/avr5\libm.a(addsf3x.o)
                              c:/program files (x86)/atmel/studio/7.0/toolchain/avr8/avr8-gnu-toolchain/bin/../lib/gcc/avr/5.4.0/../../../../avr/lib/avr5\libm.a(addsf3.o) (__addsf3x)
c:/program files (x86)/atmel/studio/7.0/toolchain/avr8/avr8-gnu-toolchain/bin/../lib/gcc/avr/5.4.0/../../../../avr/lib/avr5\libm.a(cmpsf2.o)
                              ../../01 System/Debug\libSystem.a(line_sensors.o) (__ltsf2)
[...]
Memory Configuration

Name             Origin             Length             Attributes
text             0x00000000         0x00020000         xr
data             0x00800060         0x0000ffa0         rw !x
eeprom           0x00810000         0x00010000         rw !x
fuse             0x00820000         0x00000003         rw !x
lock             0x00830000         0x00000400         rw !x
signature        0x00840000         0x00000400         rw !x
user_signatures  0x00850000         0x00000400         rw !x
*default*        0x00000000         0xffffffff

Linker script and memory map

Address of section .data set to 0x800100
LOAD C:/Program Files (x86)/Atmel/Studio/7.0/Packs/atmel/ATmega_DFP/1.2.209/gcc/dev/atmega644pa/avr5/crtatmega644pa.o
LOAD main.o
START GROUP
LOAD c:/program files (x86)/atmel/studio/7.0/toolchain/avr8/avr8-gnu-toolchain/bin/../lib/gcc/avr/5.4.0/../../../../avr/lib/avr5\libm.a
LOAD ../../01 System/Debug\libSystem.a
END GROUP
START GROUP
LOAD c:/program files (x86)/atmel/studio/7.0/toolchain/avr8/avr8-gnu-toolchain/bin/../lib/gcc/avr/5.4.0/avr5\libgcc.a
LOAD c:/program files (x86)/atmel/studio/7.0/toolchain/avr8/avr8-gnu-toolchain/bin/../lib/gcc/avr/5.4.0/../../../../avr/lib/avr5\libm.a
LOAD c:/program files (x86)/atmel/studio/7.0/toolchain/avr8/avr8-gnu-toolchain/bin/../lib/gcc/avr/5.4.0/../../../../avr/lib/avr5\libc.a
LOAD C:/Program Files (x86)/Atmel/Studio/7.0/Packs/atmel/ATmega_DFP/1.2.209/gcc/dev/atmega644pa/avr5\libatmega644pa.a
END GROUP
                0x00020000                __TEXT_REGION_LENGTH__ = DEFINED (__TEXT_REGION_LENGTH__)?__TEXT_REGION_LENGTH__:0x20000
                0x0000ffa0                __DATA_REGION_LENGTH__ = DEFINED (__DATA_REGION_LENGTH__)?__DATA_REGION_LENGTH__:0xffa0
                0x00010000                __EEPROM_REGION_LENGTH__ = DEFINED (__EEPROM_REGION_LENGTH__)?__EEPROM_REGION_LENGTH__:0x10000
                [0x00000003]                __FUSE_REGION_LENGTH__ = DEFINED (__FUSE_REGION_LENGTH__)?__FUSE_REGION_LENGTH__:0x400
                0x00000400                __LOCK_REGION_LENGTH__ = DEFINED (__LOCK_REGION_LENGTH__)?__LOCK_REGION_LENGTH__:0x400
                0x00000400                __SIGNATURE_REGION_LENGTH__ = DEFINED (__SIGNATURE_REGION_LENGTH__)?__SIGNATURE_REGION_LENGTH__:0x400
                0x00000400                __USER_SIGNATURE_REGION_LENGTH__ = DEFINED (__USER_SIGNATURE_REGION_LENGTH__)?__USER_SIGNATURE_REGION_LENGTH__:0x400

.hash
 *(.hash)

.dynsym
 *(.dynsym)

.dynstr
 *(.dynstr)

.gnu.version
 *(.gnu.version)

.gnu.version_d
 *(.gnu.version_d)

.gnu.version_r
 *(.gnu.version_r)

.rel.init
 *(.rel.init)

.rela.init
 *(.rela.init)

.rel.text
 *(.rel.text)
 *(.rel.text.*)
 *(.rel.gnu.linkonce.t*)

.rela.text
 *(.rela.text)
 *(.rela.text.*)
 *(.rela.gnu.linkonce.t*)

.rel.fini
 *(.rel.fini)

.rela.fini
 *(.rela.fini)

.rel.rodata
 *(.rel.rodata)
 *(.rel.rodata.*)
 *(.rel.gnu.linkonce.r*)

.rela.rodata
 *(.rela.rodata)
 *(.rela.rodata.*)
 *(.rela.gnu.linkonce.r*)

.rel.data
 *(.rel.data)
 *(.rel.data.*)
 *(.rel.gnu.linkonce.d*)

.rela.data
 *(.rela.data)
 *(.rela.data.*)
 *(.rela.gnu.linkonce.d*)

.rel.ctors
 *(.rel.ctors)

.rela.ctors
 *(.rela.ctors)

.rel.dtors
 *(.rel.dtors)

.rela.dtors
 *(.rela.dtors)

.rel.got
 *(.rel.got)

.rela.got
 *(.rela.got)

.rel.bss
 *(.rel.bss)

.rela.bss
 *(.rela.bss)

.rel.plt
 *(.rel.plt)

.rela.plt
 *(.rela.plt)

.text           0x00000000     0x3790
 *(.vectors)
 .vectors       0x00000000       0x7c C:/Program Files (x86)/Atmel/Studio/7.0/Packs/atmel/ATmega_DFP/1.2.209/gcc/dev/atmega644pa/avr5/crtatmega644pa.o
                0x00000000                __vector_default
                0x00000000                __vectors
 *(.vectors)
 *(.progmem.gcc*)
                0x0000007c                . = ALIGN (0x2)
                0x0000007c                __trampolines_start = .
 *(.trampolines)
 .trampolines   0x0000007c        0x0 linker stubs
 *(.trampolines*)
                0x0000007c                __trampolines_end = .
 *libprintf_flt.a:*(.progmem.data)
 *libc.a:*(.progmem.data)
 .progmem.data  0x0000007c       0x3b c:/program files (x86)/atmel/studio/7.0/toolchain/avr8/avr8-gnu-toolchain/bin/../lib/gcc/avr/5.4.0/../../../../avr/lib/avr5\libc.a(strtod.o)
 .progmem.data  0x000000b7       0xfa c:/program files (x86)/atmel/studio/7.0/toolchain/avr8/avr8-gnu-toolchain/bin/../lib/gcc/avr/5.4.0/../../../../avr/lib/avr5\libc.a(ftoa_engine.o)
 *(.progmem*)
 .progmem.data.__c.2697
                0x000001b1        0xb main.o
 .progmem.data.__c.2692
                0x000001bc        0xc main.o
 .progmem.data.__c.2689
                0x000001c8        0xc main.o
 .progmem.data.__c.2687
                0x000001d4        0xb main.o
 .progmem.data.__c.2677
                0x000001df        0x8 main.o
 .progmem.data.__c.2675
                0x000001e7        0xb main.o
 .progmem.data.__c.2673
                0x000001f2        0xc main.o
 .progmem.data.__c.2671
                0x000001fe       0x17 main.o
 .progmem.data.__c.2669
                0x00000215       0x1d main.o
 .progmem.data.__c.2655
                0x00000232       0x1d main.o
 .progmem.data.__c.2653
                0x0000024f        0xa main.o
 .progmem.data.__c.2651
                0x00000259        0xa main.o
 .progmem.data.__c.2649
                0x00000263        0xa main.o
 .progmem.data.__c.2647
                0x0000026d       0x21 main.o
 .progmem.data.__c.2631
                0x0000028e        0xb main.o
 .progmem.data.__c.2629
                0x00000299        0x8 main.o
 .progmem.data.__c.2627
                0x000002a1        0x5 main.o
 .progmem.data.__c.2625
                0x000002a6        0x5 main.o
 .progmem.data.__c.2623
                0x000002ab        0x6 main.o
 .progmem.data.__c.2621
                0x000002b1       0x10 main.o
 .progmem.data.__c.2619
                0x000002c1       0x13 main.o
 .progmem.data.__c.2617
                0x000002d4       0x12 main.o
 .progmem.data.__c.2615
                0x000002e6       0x14 main.o
 .progmem.data.__c.2613
                0x000002fa       0x18 main.o
 .progmem.data.__c.2611
                0x00000312       0x24 main.o
 .progmem.data.debug_str
                0x00000336        0x9 ../../01 System/Debug\libSystem.a(log.o)
 .progmem.data.error_str
                0x0000033f        0x9 ../../01 System/Debug\libSystem.a(log.o)
 .progmem.data.__c.2695
                0x00000348        0xf ../../01 System/Debug\libSystem.a(system.o)
                0x00000358                . = ALIGN (0x2)
 *fill*         0x00000357        0x1 
 *(.jumptables)
 *(.jumptables*)
 *(.lowtext)
 *(.lowtext*)
                0x00000358                __ctors_start = .
 *(.ctors)
                0x00000358                __ctors_end = .
                0x00000358                __dtors_start = .
 *(.dtors)
                0x00000358                __dtors_end = .
 SORT(*)(.ctors)
 SORT(*)(.dtors)
 *(.init0)
 .init0         0x00000358        0x0 C:/Program Files (x86)/Atmel/Studio/7.0/Packs/atmel/ATmega_DFP/1.2.209/gcc/dev/atmega644pa/avr5/crtatmega644pa.o
                0x00000358                __init
 *(.init0)
 *(.init1)
 *(.init1)
 *(.init2)
 .init2         0x00000358        0xc C:/Program Files (x86)/Atmel/Studio/7.0/Packs/atmel/ATmega_DFP/1.2.209/gcc/dev/atmega644pa/avr5/crtatmega644pa.o
 *(.init2)
 *(.init3)
 *(.init3)
 *(.init4)
 .init4         0x00000364       0x16 c:/program files (x86)/atmel/studio/7.0/toolchain/avr8/avr8-gnu-toolchain/bin/../lib/gcc/avr/5.4.0/avr5\libgcc.a(_copy_data.o)
                0x00000364                __do_copy_data
 .init4         0x0000037a       0x10 c:/program files (x86)/atmel/studio/7.0/toolchain/avr8/avr8-gnu-toolchain/bin/../lib/gcc/avr/5.4.0/avr5\libgcc.a(_clear_bss.o)
                0x0000037a                __do_clear_bss
 *(.init4)
 *(.init5)
 *(.init5)
 *(.init6)
 *(.init6)
 *(.init7)
 *(.init7)
 *(.init8)
 *(.init8)
 *(.init9)
 .init9         0x0000038a        0x8 C:/Program Files (x86)/Atmel/Studio/7.0/Packs/atmel/ATmega_DFP/1.2.209/gcc/dev/atmega644pa/avr5/crtatmega644pa.o
 *(.init9)
 *(.text)
 .text          0x00000392        0x4 C:/Program Files (x86)/Atmel/Studio/7.0/Packs/atmel/ATmega_DFP/1.2.209/gcc/dev/atmega644pa/avr5/crtatmega644pa.o
                0x00000392                __vector_22
                0x00000392                __vector_24
                0x00000392                __vector_12
                0x00000392                __bad_interrupt
                0x00000392                __vector_6
                0x00000392                __vector_3
                0x00000392                __vector_23
                0x00000392                __vector_30
                0x00000392                __vector_25
                0x00000392                __vector_11
                0x00000392                __vector_13
                0x00000392                __vector_17
                0x00000392                __vector_19
                0x00000392                __vector_7
                0x00000392                __vector_27
                0x00000392                __vector_5
                0x00000392                __vector_4
                0x00000392                __vector_9
                0x00000392                __vector_15
                0x00000392                __vector_8
                0x00000392                __vector_26
                0x00000392                __vector_14
                0x00000392                __vector_10
                0x00000392                __vector_18
                0x00000396                . = ALIGN (0x2)
 *(.text.*)
 .text.driveHandler
                0x00000396      0x180 main.o
                0x00000396                driveHandler
 .text.printMenu
                0x00000516       0xfe main.o
                0x00000516                printMenu
 .text.receiverNumber
                0x00000614       0x40 main.o
                0x00000614                receiverNumber
 .text.receiveParameters
                0x00000654       0xc6 main.o
                0x00000654                receiveParameters
 .text.commandProcessor
                0x0000071a      0x18e main.o
                0x0000071a                commandProcessor
 .text.main     0x000008a8       0x9c main.o
                0x000008a8                main
 .text.avr-libc.fplib
                0x00000944        0xe c:/program files (x86)/atmel/studio/7.0/toolchain/avr8/avr8-gnu-toolchain/bin/../lib/gcc/avr/5.4.0/../../../../avr/lib/avr5\libm.a(fixsfsi.o)
                0x00000944                __fixsfsi
 .text.avr-libc.fplib
                0x00000952       0x5e c:/program files (x86)/atmel/studio/7.0/toolchain/avr8/avr8-gnu-toolchain/bin/../lib/gcc/avr/5.4.0/../../../../avr/lib/avr5\libm.a(fixunssfsi.o)
                0x00000952                __fixunssfsi
 .text.avr-libc.fplib
                0x000009b0       0x44 c:/program files (x86)/atmel/studio/7.0/toolchain/avr8/avr8-gnu-toolchain/bin/../lib/gcc/avr/5.4.0/../../../../avr/lib/avr5\libm.a(fp_split3.o)
                0x000009b0                __fp_split3
                0x000009c0                __fp_splitA
 .text.avr-libc.fplib
                0x000009f4        0xe c:/program files (x86)/atmel/studio/7.0/toolchain/avr8/avr8-gnu-toolchain/bin/../lib/gcc/avr/5.4.0/../../../../avr/lib/avr5\libm.a(fp_zero.o)
                0x000009f4                __fp_zero
                0x000009f6                __fp_szero
 .text.avr-libc.fplib
                0x00000a02        0x8 c:/program files (x86)/atmel/studio/7.0/toolchain/avr8/avr8-gnu-toolchain/bin/../lib/gcc/avr/5.4.0/../../../../avr/lib/avr5\libm.a(mulsf3.o)
                0x00000a02                __mulsf3
 .text.avr-libc.fplib
                0x00000a0a       0xd2 c:/program files (x86)/atmel/studio/7.0/toolchain/avr8/avr8-gnu-toolchain/bin/../lib/gcc/avr/5.4.0/../../../../avr/lib/avr5\libm.a(mulsf3x.o)
                0x00000a28                __mulsf3x
                0x00000a2e                __mulsf3_pse
 .text.avr-libc.fplib
                0x00000adc        0xc c:/program files (x86)/atmel/studio/7.0/toolchain/avr8/avr8-gnu-toolchain/bin/../lib/gcc/avr/5.4.0/../../../../avr/lib/avr5\libm.a(fp_inf.o)
                0x00000adc                __fp_inf
 .text.avr-libc.fplib
                0x00000ae8        0x6 c:/program files (x86)/atmel/studio/7.0/toolchain/avr8/avr8-gnu-toolchain/bin/../lib/gcc/avr/5.4.0/../../../../avr/lib/avr5\libm.a(fp_nan.o)
                0x00000ae8                __fp_nan
 .text.avr-libc.fplib
                0x00000aee        0xe c:/program files (x86)/atmel/studio/7.0/toolchain/avr8/avr8-gnu-toolchain/bin/../lib/gcc/avr/5.4.0/../../../../avr/lib/avr5\libm.a(fp_pscA.o)
                0x00000aee                __fp_pscA
 .text.avr-libc.fplib
                0x00000afc        0xe c:/program files (x86)/atmel/studio/7.0/toolchain/avr8/avr8-gnu-toolchain/bin/../lib/gcc/avr/5.4.0/../../../../avr/lib/avr5\libm.a(fp_pscB.o)
                0x00000afc                __fp_pscB
 .text.avr-libc.fplib
                0x00000b0a       0x22 c:/program files (x86)/atmel/studio/7.0/toolchain/avr8/avr8-gnu-toolchain/bin/../lib/gcc/avr/5.4.0/../../../../avr/lib/avr5\libm.a(fp_round.o)
                0x00000b0a                __fp_round
 .text.line_pwr
                0x00000b2c      0x21e ../../01 System/Debug\libSystem.a(line_sensors.o)
 .text.lineRead
                0x00000d4a       0xd2 ../../01 System/Debug\libSystem.a(line_sensors.o)
                0x00000d4a                lineRead
 .text.followTrack
                0x00000e1c       0x5c ../../01 System/Debug\libSystem.a(line_sensors.o)
                0x00000e1c                followTrack
 .text._log_Debug
                0x00000e78       0x42 ../../01 System/Debug\libSystem.a(log.o)
                0x00000e78                _log_Debug
 .text._log_Error
                0x00000eba       0x42 ../../01 System/Debug\libSystem.a(log.o)
                0x00000eba                _log_Error
 .text.motorDirection
                0x00000efc      0x144 ../../01 System/Debug\libSystem.a(motor.o)
                0x00000efc                motorDirection
 .text.motor_speed
                0x00001040       0xce ../../01 System/Debug\libSystem.a(motor.o)
                0x00001040                motor_speed
 .text.motorInit
                0x0000110e       0x70 ../../01 System/Debug\libSystem.a(motor.o)
                0x0000110e                motorInit
 .text.pid_Init
                0x0000117e       0xd4 ../../01 System/Debug\libSystem.a(pid.o)
                0x0000117e                pid_Init
 .text.pid_Controller
                0x00001252      0x2b0 ../../01 System/Debug\libSystem.a(pid.o)
                0x00001252                pid_Controller
 .text.pid_Reset_Integrator
                0x00001502       0x28 ../../01 System/Debug\libSystem.a(pid.o)
                0x00001502                pid_Reset_Integrator
 .text.waitStart
                0x0000152a       0x9c ../../01 System/Debug\libSystem.a(system.o)
                0x0000152a                waitStart
 .text.adc_Read
                0x000015c6       0x60 ../../01 System/Debug\libSystem.a(system.o)
                0x000015c6                adc_Read
 .text.batt_voltage
                0x00001626       0x7a ../../01 System/Debug\libSystem.a(system.o)
                0x00001626                batt_voltage
 .text.setStatusLED
                0x000016a0       0x74 ../../01 System/Debug\libSystem.a(system.o)
                0x000016a0                setStatusLED
 .text.enableDevice
                0x00001714       0xf0 ../../01 System/Debug\libSystem.a(system.o)
                0x00001714                enableDevice
 .text.disableDevice
                0x00001804       0xf0 ../../01 System/Debug\libSystem.a(system.o)
                0x00001804                disableDevice
 .text.uart_putInt
                0x000018f4       0x48 ../../01 System/Debug\libSystem.a(system.o)
                0x000018f4                uart_putInt
 .text.battery_update_DUMMY
                0x0000193c       0x10 ../../01 System/Debug\libSystem.a(system.o)
                0x0000193c                battery_update_DUMMY
 .text.taskBattery
                0x0000194c      0x30c ../../01 System/Debug\libSystem.a(system.o)
                0x0000194c                taskBattery
 .text.com_update_DUMMY
                0x00001c58       0x10 ../../01 System/Debug\libSystem.a(system.o)
                0x00001c58                com_update_DUMMY
 .text.taskComunication
                0x00001c68       0x1c ../../01 System/Debug\libSystem.a(system.o)
                0x00001c68                taskComunication
 .text.drive_update_DUMMY
                0x00001c84       0x10 ../../01 System/Debug\libSystem.a(system.o)
                0x00001c84                drive_update_DUMMY
 .text.drive_setStateChangedHandler
                0x00001c94       0x26 ../../01 System/Debug\libSystem.a(system.o)
                0x00001c94                drive_setStateChangedHandler
 .text.taskDrive
                0x00001cba       0x62 ../../01 System/Debug\libSystem.a(system.o)
                0x00001cba                taskDrive
 .text.taskSystem
                0x00001d1c       0x1c ../../01 System/Debug\libSystem.a(system.o)
                0x00001d1c                taskSystem
 .text.systemInit
                0x00001d38      0x152 ../../01 System/Debug\libSystem.a(system.o)
                0x00001d38                systemInit
 .text.__vector_16
                0x00001e8a      0x164 ../../01 System/Debug\libSystem.a(system.o)
                0x00001e8a                __vector_16
 .text.__iCliRetVal
                0x00001fee       0x12 ../../01 System/Debug\libSystem.a(timer.o)
 .text.__iSeiParam
                0x00002000       0x1c ../../01 System/Debug\libSystem.a(timer.o)
 .text.setStopwatch
                0x0000201c       0xf8 ../../01 System/Debug\libSystem.a(timer.o)
                0x0000201c                setStopwatch
 .text.getStopwatch
                0x00002114       0xf4 ../../01 System/Debug\libSystem.a(timer.o)
                0x00002114                getStopwatch
 .text.__vector_20
                0x00002208       0x9c ../../01 System/Debug\libSystem.a(uart.o)
                0x00002208                __vector_20
 .text.__vector_21
                0x000022a4       0x88 ../../01 System/Debug\libSystem.a(uart.o)
                0x000022a4                __vector_21
 .text.uart_init
                0x0000232c       0x6c ../../01 System/Debug\libSystem.a(uart.o)
                0x0000232c                uart_init
 .text.uart_getc
                0x00002398       0x68 ../../01 System/Debug\libSystem.a(uart.o)
                0x00002398                uart_getc
 .text.uart_putc
                0x00002400       0x56 ../../01 System/Debug\libSystem.a(uart.o)
                0x00002400                uart_putc
 .text.uart_puts
                0x00002456       0x3e ../../01 System/Debug\libSystem.a(uart.o)
                0x00002456                uart_puts
 .text.uart_puts_p
                0x00002494       0x54 ../../01 System/Debug\libSystem.a(uart.o)
                0x00002494                uart_puts_p
 .text.__vector_28
                0x000024e8       0x9c ../../01 System/Debug\libSystem.a(uart.o)
                0x000024e8                __vector_28
 .text.__vector_29
                0x00002584       0x88 ../../01 System/Debug\libSystem.a(uart.o)
                0x00002584                __vector_29
 .text.encoderInit
                0x0000260c       0x34 ../../01 System/Debug\libSystem.a(encoder.o)
                0x0000260c                encoderInit
 .text.__vector_1
                0x00002640       0x72 ../../01 System/Debug\libSystem.a(encoder.o)
                0x00002640                __vector_1
 .text.__vector_2
                0x000026b2       0x72 ../../01 System/Debug\libSystem.a(encoder.o)
                0x000026b2                __vector_2
 .text.avr-libc.fplib
                0x00002724        0xa c:/program files (x86)/atmel/studio/7.0/toolchain/avr8/avr8-gnu-toolchain/bin/../lib/gcc/avr/5.4.0/../../../../avr/lib/avr5\libm.a(cmpsf2.o)
                0x00002724                __nesf2
                0x00002724                __eqsf2
                0x00002724                __cmpsf2
                0x00002724                __ltsf2
                0x00002724                __lesf2
 .text.avr-libc.fplib
                0x0000272e        0x8 c:/program files (x86)/atmel/studio/7.0/toolchain/avr8/avr8-gnu-toolchain/bin/../lib/gcc/avr/5.4.0/../../../../avr/lib/avr5\libm.a(divsf3.o)
                0x0000272e                __divsf3
 .text.avr-libc.fplib
                0x00002736       0xdc c:/program files (x86)/atmel/studio/7.0/toolchain/avr8/avr8-gnu-toolchain/bin/../lib/gcc/avr/5.4.0/../../../../avr/lib/avr5\libm.a(divsf3x.o)
                0x00002756                __divsf3x
                0x0000275c                __divsf3_pse
 .text.avr-libc.fplib
                0x00002812       0x7a c:/program files (x86)/atmel/studio/7.0/toolchain/avr8/avr8-gnu-toolchain/bin/../lib/gcc/avr/5.4.0/../../../../avr/lib/avr5\libm.a(floatsisf.o)
                0x00002812                __floatunsisf
                0x00002816                __floatsisf
 .text.avr-libc.fplib
                0x0000288c       0x48 c:/program files (x86)/atmel/studio/7.0/toolchain/avr8/avr8-gnu-toolchain/bin/../lib/gcc/avr/5.4.0/../../../../avr/lib/avr5\libm.a(fp_cmp.o)
                0x0000288c                __fp_cmp
 .text.avr-libc.fplib
                0x000028d4        0xa c:/program files (x86)/atmel/studio/7.0/toolchain/avr8/avr8-gnu-toolchain/bin/../lib/gcc/avr/5.4.0/../../../../avr/lib/avr5\libm.a(gesf2.o)
                0x000028d4                __gesf2
                0x000028d4                __gtsf2
 .text.libgcc.mul
                0x000028de       0x20 c:/program files (x86)/atmel/studio/7.0/toolchain/avr8/avr8-gnu-toolchain/bin/../lib/gcc/avr/5.4.0/avr5\libgcc.a(_mulsi3.o)
                0x000028de                __mulsi3
 .text.libgcc.div
                0x000028fe       0x28 c:/program files (x86)/atmel/studio/7.0/toolchain/avr8/avr8-gnu-toolchain/bin/../lib/gcc/avr/5.4.0/avr5\libgcc.a(_divmodhi4.o)
                0x000028fe                _div
                0x000028fe                __divmodhi4
 .text.libgcc.mul
                0x00002926       0x1e c:/program files (x86)/atmel/studio/7.0/toolchain/avr8/avr8-gnu-toolchain/bin/../lib/gcc/avr/5.4.0/avr5\libgcc.a(_umulhisi3.o)
                0x00002926                __umulhisi3
 .text.libgcc.mul
                0x00002944       0x16 c:/program files (x86)/atmel/studio/7.0/toolchain/avr8/avr8-gnu-toolchain/bin/../lib/gcc/avr/5.4.0/avr5\libgcc.a(_muluhisi3.o)
                0x00002944                __muluhisi3
 .text.libgcc.div
                0x0000295a       0x28 c:/program files (x86)/atmel/studio/7.0/toolchain/avr8/avr8-gnu-toolchain/bin/../lib/gcc/avr/5.4.0/avr5\libgcc.a(_udivmodhi4.o)
                0x0000295a                __udivmodhi4
 .text.avr-libc
                0x00002982       0x40 c:/program files (x86)/atmel/studio/7.0/toolchain/avr8/avr8-gnu-toolchain/bin/../lib/gcc/avr/5.4.0/../../../../avr/lib/avr5\libc.a(dtostrf.o)
                0x00002982                dtostrf
 .text.avr-libc
                0x000029c2        0x8 c:/program files (x86)/atmel/studio/7.0/toolchain/avr8/avr8-gnu-toolchain/bin/../lib/gcc/avr/5.4.0/../../../../avr/lib/avr5\libc.a(atof.o)
                0x000029c2                atof
 .text.avr-libc
                0x000029ca       0x3c c:/program files (x86)/atmel/studio/7.0/toolchain/avr8/avr8-gnu-toolchain/bin/../lib/gcc/avr/5.4.0/../../../../avr/lib/avr5\libc.a(atoi.o)
                0x000029ca                atoi
 .text.avr-libc
                0x00002a06       0x16 c:/program files (x86)/atmel/studio/7.0/toolchain/avr8/avr8-gnu-toolchain/bin/../lib/gcc/avr/5.4.0/../../../../avr/lib/avr5\libc.a(itoa.o)
                0x00002a06                __itoa
                0x00002a06                itoa
 .text.avr-libc
                0x00002a1c       0x16 c:/program files (x86)/atmel/studio/7.0/toolchain/avr8/avr8-gnu-toolchain/bin/../lib/gcc/avr/5.4.0/../../../../avr/lib/avr5\libc.a(itoa_ncheck.o)
                0x00002a1c                __itoa_ncheck
 .text.avr-libc
                0x00002a32       0x10 c:/program files (x86)/atmel/studio/7.0/toolchain/avr8/avr8-gnu-toolchain/bin/../lib/gcc/avr/5.4.0/../../../../avr/lib/avr5\libc.a(mul10.o)
                0x00002a32                __mulhi_const_10
 .text.avr-libc
                0x00002a42       0x34 c:/program files (x86)/atmel/studio/7.0/toolchain/avr8/avr8-gnu-toolchain/bin/../lib/gcc/avr/5.4.0/../../../../avr/lib/avr5\libc.a(utoa_ncheck.o)
                0x00002a42                __utoa_ncheck
                0x00002a44                __utoa_common
 .text.avr-libc
                0x00002a76       0x1e c:/program files (x86)/atmel/studio/7.0/toolchain/avr8/avr8-gnu-toolchain/bin/../lib/gcc/avr/5.4.0/../../../../avr/lib/avr5\libc.a(vfprintf_p.o)
                0x00002a76                vfprintf_P
 .text.avr-libc
                0x00002a94      0x3c2 c:/program files (x86)/atmel/studio/7.0/toolchain/avr8/avr8-gnu-toolchain/bin/../lib/gcc/avr/5.4.0/../../../../avr/lib/avr5\libc.a(vfprintf_std.o)
                0x00002a94                vfprintf
 .text.avr-libc
                0x00002e56      0x2b4 c:/program files (x86)/atmel/studio/7.0/toolchain/avr8/avr8-gnu-toolchain/bin/../lib/gcc/avr/5.4.0/../../../../avr/lib/avr5\libc.a(dtoa_prf.o)
                0x00002e56                dtoa_prf
 .text.avr-libc
                0x0000310a      0x29c c:/program files (x86)/atmel/studio/7.0/toolchain/avr8/avr8-gnu-toolchain/bin/../lib/gcc/avr/5.4.0/../../../../avr/lib/avr5\libc.a(strtod.o)
                0x0000310a                strtod
 .text.avr-libc
                0x000033a6      0x1b0 c:/program files (x86)/atmel/studio/7.0/toolchain/avr8/avr8-gnu-toolchain/bin/../lib/gcc/avr/5.4.0/../../../../avr/lib/avr5\libc.a(ftoa_engine.o)
                0x000033a6                __ftoa_engine
 .text.avr-libc
                0x00003556       0x12 c:/program files (x86)/atmel/studio/7.0/toolchain/avr8/avr8-gnu-toolchain/bin/../lib/gcc/avr/5.4.0/../../../../avr/lib/avr5\libc.a(isspace.o)
                0x00003556                isspace
 .text.avr-libc
                0x00003568       0x30 c:/program files (x86)/atmel/studio/7.0/toolchain/avr8/avr8-gnu-toolchain/bin/../lib/gcc/avr/5.4.0/../../../../avr/lib/avr5\libc.a(strncasecmp_P.o)
                0x00003568                strncasecmp_P
 .text.avr-libc
                0x00003598       0x16 c:/program files (x86)/atmel/studio/7.0/toolchain/avr8/avr8-gnu-toolchain/bin/../lib/gcc/avr/5.4.0/../../../../avr/lib/avr5\libc.a(strnlen_P.o)
                0x00003598                strnlen_P
 .text.avr-libc
                0x000035ae       0x16 c:/program files (x86)/atmel/studio/7.0/toolchain/avr8/avr8-gnu-toolchain/bin/../lib/gcc/avr/5.4.0/../../../../avr/lib/avr5\libc.a(strnlen.o)
                0x000035ae                strnlen
 .text.avr-libc
                0x000035c4       0x20 c:/program files (x86)/atmel/studio/7.0/toolchain/avr8/avr8-gnu-toolchain/bin/../lib/gcc/avr/5.4.0/../../../../avr/lib/avr5\libc.a(strrev.o)
                0x000035c4                strrev
 .text.avr-libc
                0x000035e4       0x78 c:/program files (x86)/atmel/studio/7.0/toolchain/avr8/avr8-gnu-toolchain/bin/../lib/gcc/avr/5.4.0/../../../../avr/lib/avr5\libc.a(fputc.o)
                0x000035e4                fputc
 .text.avr-libc
                0x0000365c       0xbc c:/program files (x86)/atmel/studio/7.0/toolchain/avr8/avr8-gnu-toolchain/bin/../lib/gcc/avr/5.4.0/../../../../avr/lib/avr5\libc.a(ultoa_invert.o)
                0x0000365c                __ultoa_invert
 .text.avr-libc
                0x00003718        0x6 c:/program files (x86)/atmel/studio/7.0/toolchain/avr8/avr8-gnu-toolchain/bin/../lib/gcc/avr/5.4.0/../../../../avr/lib/avr5\libc.a(cty_isfalse.o)
                0x00003718                __ctype_isfalse
                0x0000371c                __ctype_istrue
 .text.libgcc.prologue
                0x0000371e       0x38 c:/program files (x86)/atmel/studio/7.0/toolchain/avr8/avr8-gnu-toolchain/bin/../lib/gcc/avr/5.4.0/avr5\libgcc.a(_prologue.o)
                0x0000371e                __prologue_saves__
 .text.libgcc.prologue
                0x00003756       0x36 c:/program files (x86)/atmel/studio/7.0/toolchain/avr8/avr8-gnu-toolchain/bin/../lib/gcc/avr/5.4.0/avr5\libgcc.a(_epilogue.o)
                0x00003756                __epilogue_restores__
                0x0000378c                . = ALIGN (0x2)
 *(.fini9)
 .fini9         0x0000378c        0x0 c:/program files (x86)/atmel/studio/7.0/toolchain/avr8/avr8-gnu-toolchain/bin/../lib/gcc/avr/5.4.0/avr5\libgcc.a(_exit.o)
                0x0000378c                _exit
                0x0000378c                exit
 *(.fini9)
 *(.fini8)
 *(.fini8)
 *(.fini7)
 *(.fini7)
 *(.fini6)
 *(.fini6)
 *(.fini5)
 *(.fini5)
 *(.fini4)
 *(.fini4)
 *(.fini3)
 *(.fini3)
 *(.fini2)
 *(.fini2)
 *(.fini1)
 *(.fini1)
 *(.fini0)
 .fini0         0x0000378c        0x4 c:/program files (x86)/atmel/studio/7.0/toolchain/avr8/avr8-gnu-toolchain/bin/../lib/gcc/avr/5.4.0/avr5\libgcc.a(_exit.o)
 *(.fini0)
                0x00003790                _etext = .

.data           0x00800100       0x16 load address 0x00003790
                0x00800100                PROVIDE (__data_start, .)
 *(.data)
 *(.data*)
 .data.baseSpeed
                0x00800100        0x2 main.o
                0x00800100                baseSpeed
 .data.battery_stateChangedHandler
                0x00800102        0x2 ../../01 System/Debug\libSystem.a(system.o)
 .data.com_stateChangedHandler
                0x00800104        0x2 ../../01 System/Debug\libSystem.a(system.o)
 .data.drive_stateChangedHandler
                0x00800106        0x2 ../../01 System/Debug\libSystem.a(system.o)
 .data.mystdout.2735
                0x00800108        0xe ../../01 System/Debug\libSystem.a(system.o)
 *(.gnu.linkonce.d*)
 *(.rodata)
 *(.rodata*)
 *(.gnu.linkonce.r*)
                0x00800116                . = ALIGN (0x2)
                0x00800116                _edata = .
                0x00800116                PROVIDE (__data_end, .)

.bss            0x00800116       0xed
                0x00800116                PROVIDE (__bss_start, .)
 *(.bss)
 *(.bss*)
 .bss.lineLost_num
                0x00800116        0x1 main.o
                0x00800116                lineLost_num
 .bss.drive     0x00800117        0x1 main.o
                0x00800117                drive
 .bss.UART_TxBuf
                0x00800118       0x20 ../../01 System/Debug\libSystem.a(uart.o)
 .bss.UART_RxBuf
                0x00800138       0x20 ../../01 System/Debug\libSystem.a(uart.o)
 .bss.UART_TxHead
                0x00800158        0x1 ../../01 System/Debug\libSystem.a(uart.o)
 .bss.UART_TxTail
                0x00800159        0x1 ../../01 System/Debug\libSystem.a(uart.o)
 .bss.UART_RxHead
                0x0080015a        0x1 ../../01 System/Debug\libSystem.a(uart.o)
 .bss.UART_RxTail
                0x0080015b        0x1 ../../01 System/Debug\libSystem.a(uart.o)
 .bss.UART_LastRxError
                0x0080015c        0x1 ../../01 System/Debug\libSystem.a(uart.o)
 .bss.UART1_TxBuf
                0x0080015d       0x20 ../../01 System/Debug\libSystem.a(uart.o)
 .bss.UART1_RxBuf
                0x0080017d       0x20 ../../01 System/Debug\libSystem.a(uart.o)
 .bss.UART1_TxHead
                0x0080019d        0x1 ../../01 System/Debug\libSystem.a(uart.o)
 .bss.UART1_TxTail
                0x0080019e        0x1 ../../01 System/Debug\libSystem.a(uart.o)
 .bss.UART1_RxHead
                0x0080019f        0x1 ../../01 System/Debug\libSystem.a(uart.o)
 .bss.UART1_RxTail
                0x008001a0        0x1 ../../01 System/Debug\libSystem.a(uart.o)
 .bss.UART1_LastRxError
                0x008001a1        0x1 ../../01 System/Debug\libSystem.a(uart.o)
 *(COMMON)
 COMMON         0x008001a2       0x48 main.o
                0x008001a2                motorStatus
                0x008001b3                k_d
                0x008001b7                k_i
                0x008001bb                lineReference
                0x008001bd                k_p
                0x008001c1                systemStatus
                0x008001c8                lineSensors
                0x008001d8                pidLineData
 COMMON         0x008001ea       0x11 ../../01 System/Debug\libSystem.a(system.o)
                0x008001ea                stopwatches
 COMMON         0x008001fb        0x6 c:/program files (x86)/atmel/studio/7.0/toolchain/avr8/avr8-gnu-toolchain/bin/../lib/gcc/avr/5.4.0/../../../../avr/lib/avr5\libc.a(iob.o)
                0x008001fb                __iob
 COMMON         0x00800201        0x2 c:/program files (x86)/atmel/studio/7.0/toolchain/avr8/avr8-gnu-toolchain/bin/../lib/gcc/avr/5.4.0/../../../../avr/lib/avr5\libc.a(errno.o)
                0x00800201                errno
                0x00800203                PROVIDE (__bss_end, .)
                0x00003790                __data_load_start = LOADADDR (.data)
                0x000037a6                __data_load_end = (__data_load_start + SIZEOF (.data))

.noinit         0x00800203        0x0
                [!provide]                PROVIDE (__noinit_start, .)
 *(.noinit*)
                [!provide]                PROVIDE (__noinit_end, .)
                0x00800203                _end = .
                [!provide]                PROVIDE (__heap_start, .)

.eeprom         0x00810000        0x0
 *(.eeprom*)
                0x00810000                __eeprom_end = .

.fuse
 *(.fuse)
 *(.lfuse)
 *(.hfuse)
 *(.efuse)

.lock
 *(.lock*)

.signature
 *(.signature*)

.user_signatures
 *(.user_signatures*)

.stab
 *(.stab)

.stabstr
 *(.stabstr)

.stab.excl
 *(.stab.excl)

.stab.exclstr
 *(.stab.exclstr)

.stab.index
 *(.stab.index)

.stab.indexstr
 *(.stab.indexstr)

.comment        0x00000000       0x5c
 *(.comment)
 .comment       0x00000000       0x30 main.o
                                 0x31 (size before relaxing)
 .comment       0x00000030       0x31 ../../01 System/Debug\libSystem.a(line_sensors.o)
 .comment       0x00000030       0x31 ../../01 System/Debug\libSystem.a(log.o)
 .comment       0x00000030       0x31 ../../01 System/Debug\libSystem.a(motor.o)
 .comment       0x00000030       0x31 ../../01 System/Debug\libSystem.a(pid.o)
 .comment       0x00000030       0x31 ../../01 System/Debug\libSystem.a(system.o)
 .comment       0x00000030       0x31 ../../01 System/Debug\libSystem.a(timer.o)
 .comment       0x00000030       0x31 ../../01 System/Debug\libSystem.a(uart.o)
 .comment       0x00000030       0x31 ../../01 System/Debug\libSystem.a(encoder.o)
 .comment       0x00000030       0x31 c:/program files (x86)/atmel/studio/7.0/toolchain/avr8/avr8-gnu-toolchain/bin/../lib/gcc/avr/5.4.0/../../../../avr/lib/avr5\libc.a(dtostrf.o)
 .comment       0x00000030       0x31 c:/program files (x86)/atmel/studio/7.0/toolchain/avr8/avr8-gnu-toolchain/bin/../lib/gcc/avr/5.4.0/../../../../avr/lib/avr5\libc.a(iob.o)
 .comment       0x00000030       0x31 c:/program files (x86)/atmel/studio/7.0/toolchain/avr8/avr8-gnu-toolchain/bin/../lib/gcc/avr/5.4.0/../../../../avr/lib/avr5\libc.a(vfprintf_p.o)
 .comment       0x00000030       0x2c c:/program files (x86)/atmel/studio/7.0/toolchain/avr8/avr8-gnu-toolchain/bin/../lib/gcc/avr/5.4.0/../../../../avr/lib/avr5\libc.a(vfprintf_std.o)
                                 0x2d (size before relaxing)
 .comment       0x0000005c       0x31 c:/program files (x86)/atmel/studio/7.0/toolchain/avr8/avr8-gnu-toolchain/bin/../lib/gcc/avr/5.4.0/../../../../avr/lib/avr5\libc.a(dtoa_prf.o)
 .comment       0x0000005c       0x31 c:/program files (x86)/atmel/studio/7.0/toolchain/avr8/avr8-gnu-toolchain/bin/../lib/gcc/avr/5.4.0/../../../../avr/lib/avr5\libc.a(strtod.o)
 .comment       0x0000005c       0x31 c:/program files (x86)/atmel/studio/7.0/toolchain/avr8/avr8-gnu-toolchain/bin/../lib/gcc/avr/5.4.0/../../../../avr/lib/avr5\libc.a(fputc.o)
 .comment       0x0000005c       0x2d c:/program files (x86)/atmel/studio/7.0/toolchain/avr8/avr8-gnu-toolchain/bin/../lib/gcc/avr/5.4.0/../../../../avr/lib/avr5\libc.a(errno.o)

.note.gnu.avr.deviceinfo
                0x00000000       0x40
 .note.gnu.avr.deviceinfo
                0x00000000       0x40 C:/Program Files (x86)/Atmel/Studio/7.0/Packs/atmel/ATmega_DFP/1.2.209/gcc/dev/atmega644pa/avr5/crtatmega644pa.o

.note.gnu.build-id
 *(.note.gnu.build-id)

.debug
 *(.debug)

.line
 *(.line)

.debug_srcinfo
 *(.debug_srcinfo)

.debug_sfnames
 *(.debug_sfnames)

.debug_aranges  0x00000000      0x320
 *(.debug_aranges)
 .debug_aranges
                0x00000000       0x48 main.o
 .debug_aranges
                0x00000048       0x30 ../../01 System/Debug\libSystem.a(line_sensors.o)
 .debug_aranges
                0x00000078       0x40 ../../01 System/Debug\libSystem.a(log.o)
 .debug_aranges
                0x000000b8       0x38 ../../01 System/Debug\libSystem.a(motor.o)
 .debug_aranges
                0x000000f0       0x30 ../../01 System/Debug\libSystem.a(pid.o)
 .debug_aranges
                0x00000120       0xf8 ../../01 System/Debug\libSystem.a(system.o)
 .debug_aranges
                0x00000218       0x38 ../../01 System/Debug\libSystem.a(timer.o)
 .debug_aranges
                0x00000250       0x88 ../../01 System/Debug\libSystem.a(uart.o)
 .debug_aranges
                0x000002d8       0x48 ../../01 System/Debug\libSystem.a(encoder.o)

.debug_pubnames
 *(.debug_pubnames)

.debug_info     0x00000000     0x3cee
 *(.debug_info .gnu.linkonce.wi.*)
 .debug_info    0x00000000      0x6cc C:/Program Files (x86)/Atmel/Studio/7.0/Packs/atmel/ATmega_DFP/1.2.209/gcc/dev/atmega644pa/avr5/crtatmega644pa.o
 .debug_info    0x000006cc      0xd94 main.o
 .debug_info    0x00001460      0x586 ../../01 System/Debug\libSystem.a(line_sensors.o)
 .debug_info    0x000019e6      0x5f3 ../../01 System/Debug\libSystem.a(log.o)
 .debug_info    0x00001fd9      0x4b7 ../../01 System/Debug\libSystem.a(motor.o)
 .debug_info    0x00002490      0x217 ../../01 System/Debug\libSystem.a(pid.o)
 .debug_info    0x000026a7      0xae6 ../../01 System/Debug\libSystem.a(system.o)
 .debug_info    0x0000318d      0x226 ../../01 System/Debug\libSystem.a(timer.o)
 .debug_info    0x000033b3      0x530 ../../01 System/Debug\libSystem.a(uart.o)
 .debug_info    0x000038e3      0x40b ../../01 System/Debug\libSystem.a(encoder.o)

.debug_abbrev   0x00000000     0x14d5
 *(.debug_abbrev)
 .debug_abbrev  0x00000000      0x66e C:/Program Files (x86)/Atmel/Studio/7.0/Packs/atmel/ATmega_DFP/1.2.209/gcc/dev/atmega644pa/avr5/crtatmega644pa.o
 .debug_abbrev  0x0000066e      0x208 main.o
 .debug_abbrev  0x00000876      0x1eb ../../01 System/Debug\libSystem.a(line_sensors.o)
 .debug_abbrev  0x00000a61      0x178 ../../01 System/Debug\libSystem.a(log.o)
 .debug_abbrev  0x00000bd9      0x139 ../../01 System/Debug\libSystem.a(motor.o)
 .debug_abbrev  0x00000d12       0xd2 ../../01 System/Debug\libSystem.a(pid.o)
 .debug_abbrev  0x00000de4      0x391 ../../01 System/Debug\libSystem.a(system.o)
 .debug_abbrev  0x00001175      0x119 ../../01 System/Debug\libSystem.a(timer.o)
 .debug_abbrev  0x0000128e       0xf7 ../../01 System/Debug\libSystem.a(uart.o)
 .debug_abbrev  0x00001385      0x150 ../../01 System/Debug\libSystem.a(encoder.o)

.debug_line     0x00000000     0x211c
 *(.debug_line .debug_line.* .debug_line_end)
 .debug_line    0x00000000      0x151 C:/Program Files (x86)/Atmel/Studio/7.0/Packs/atmel/ATmega_DFP/1.2.209/gcc/dev/atmega644pa/avr5/crtatmega644pa.o
 .debug_line    0x00000151      0x43d main.o
 .debug_line    0x0000058e      0x2b9 ../../01 System/Debug\libSystem.a(line_sensors.o)
 .debug_line    0x00000847      0x216 ../../01 System/Debug\libSystem.a(log.o)
 .debug_line    0x00000a5d      0x2ed ../../01 System/Debug\libSystem.a(motor.o)
 .debug_line    0x00000d4a      0x190 ../../01 System/Debug\libSystem.a(pid.o)
 .debug_line    0x00000eda      0x95d ../../01 System/Debug\libSystem.a(system.o)
 .debug_line    0x00001837      0x29c ../../01 System/Debug\libSystem.a(timer.o)
 .debug_line    0x00001ad3      0x3f5 ../../01 System/Debug\libSystem.a(uart.o)
 .debug_line    0x00001ec8      0x254 ../../01 System/Debug\libSystem.a(encoder.o)

.debug_frame    0x00000000      0xb44
 *(.debug_frame)
 .debug_frame   0x00000000      0x138 main.o
 .debug_frame   0x00000138       0x80 ../../01 System/Debug\libSystem.a(line_sensors.o)
 .debug_frame   0x000001b8       0xb4 ../../01 System/Debug\libSystem.a(log.o)
 .debug_frame   0x0000026c       0xa8 ../../01 System/Debug\libSystem.a(motor.o)
 .debug_frame   0x00000314       0x74 ../../01 System/Debug\libSystem.a(pid.o)
 .debug_frame   0x00000388      0x3b0 ../../01 System/Debug\libSystem.a(system.o)
 .debug_frame   0x00000738       0x94 ../../01 System/Debug\libSystem.a(timer.o)
 .debug_frame   0x000007cc      0x27c ../../01 System/Debug\libSystem.a(uart.o)
 .debug_frame   0x00000a48       0xfc ../../01 System/Debug\libSystem.a(encoder.o)

.debug_str      0x00000000      0xe06
 *(.debug_str)
 .debug_str     0x00000000      0x252 C:/Program Files (x86)/Atmel/Studio/7.0/Packs/atmel/ATmega_DFP/1.2.209/gcc/dev/atmega644pa/avr5/crtatmega644pa.o
 .debug_str     0x00000252      0x4a5 main.o
                                0x502 (size before relaxing)
 .debug_str     0x000006f7      0x179 ../../01 System/Debug\libSystem.a(line_sensors.o)
                                0x323 (size before relaxing)
 .debug_str     0x00000870       0xc6 ../../01 System/Debug\libSystem.a(log.o)
                                0x355 (size before relaxing)
 .debug_str     0x00000936       0x4d ../../01 System/Debug\libSystem.a(motor.o)
                                0x354 (size before relaxing)
 .debug_str     0x00000983       0x67 ../../01 System/Debug\libSystem.a(pid.o)
                                0x246 (size before relaxing)
 .debug_str     0x000009ea      0x238 ../../01 System/Debug\libSystem.a(system.o)
                                0x5f3 (size before relaxing)
 .debug_str     0x00000c22       0x27 ../../01 System/Debug\libSystem.a(timer.o)
                                0x211 (size before relaxing)
 .debug_str     0x00000c49      0x17f ../../01 System/Debug\libSystem.a(uart.o)
                                0x30c (size before relaxing)
 .debug_str     0x00000dc8       0x3e ../../01 System/Debug\libSystem.a(encoder.o)
                                0x2ef (size before relaxing)

.debug_loc      0x00000000     0x181c
 *(.debug_loc)
 .debug_loc     0x00000000      0x390 main.o
 .debug_loc     0x00000390       0xf1 ../../01 System/Debug\libSystem.a(line_sensors.o)
 .debug_loc     0x00000481      0x168 ../../01 System/Debug\libSystem.a(log.o)
 .debug_loc     0x000005e9      0x147 ../../01 System/Debug\libSystem.a(motor.o)
 .debug_loc     0x00000730       0xd6 ../../01 System/Debug\libSystem.a(pid.o)
 .debug_loc     0x00000806      0x78f ../../01 System/Debug\libSystem.a(system.o)
 .debug_loc     0x00000f95      0x113 ../../01 System/Debug\libSystem.a(timer.o)
 .debug_loc     0x000010a8      0x590 ../../01 System/Debug\libSystem.a(uart.o)
 .debug_loc     0x00001638      0x1e4 ../../01 System/Debug\libSystem.a(encoder.o)

.debug_macinfo
 *(.debug_macinfo)

.debug_weaknames
 *(.debug_weaknames)

.debug_funcnames
 *(.debug_funcnames)

.debug_typenames
 *(.debug_typenames)

.debug_varnames
 *(.debug_varnames)

.debug_pubtypes
 *(.debug_pubtypes)

.debug_ranges   0x00000000      0x2a8
 *(.debug_ranges)
 .debug_ranges  0x00000000       0x38 main.o
 .debug_ranges  0x00000038       0x38 ../../01 System/Debug\libSystem.a(line_sensors.o)
 .debug_ranges  0x00000070       0x30 ../../01 System/Debug\libSystem.a(log.o)
 .debug_ranges  0x000000a0       0x28 ../../01 System/Debug\libSystem.a(motor.o)
 .debug_ranges  0x000000c8       0x20 ../../01 System/Debug\libSystem.a(pid.o)
 .debug_ranges  0x000000e8       0xe8 ../../01 System/Debug\libSystem.a(system.o)
 .debug_ranges  0x000001d0       0x28 ../../01 System/Debug\libSystem.a(timer.o)
 .debug_ranges  0x000001f8       0x78 ../../01 System/Debug\libSystem.a(uart.o)
 .debug_ranges  0x00000270       0x38 ../../01 System/Debug\libSystem.a(encoder.o)

.debug_macro
 *(.debug_macro)
OUTPUT(02 PID-Line Follower.elf elf32-avr)
LOAD linker stubs
