Archive member included to satisfy reference by file (symbol)

../../01 System/Debug\libsystem.a(encoder.o)
                              fsm.o (encoderReset)
../../01 System/Debug\libsystem.a(line_sensors.o)
                              fsm.o (lineRead)
../../01 System/Debug\libsystem.a(log.o)
                              fsm.o (_log_Debug)
../../01 System/Debug\libsystem.a(motor.o)
                              fsm.o (motorDirection)
../../01 System/Debug\libsystem.a(pid.o)
                              fsm.o (pid_Init)
../../01 System/Debug\libsystem.a(scheduler51.o)
                              main.o (schedulerAddTask)
../../01 System/Debug\libsystem.a(system.o)
                              ../../01 System/Debug\libsystem.a(line_sensors.o) (adc_Read)
../../01 System/Debug\libsystem.a(timer.o)
                              fsm.o (setStopwatch)
../../01 System/Debug\libsystem.a(uart.o)
                              ../../01 System/Debug\libsystem.a(system.o) (uart_init)
c:/program files (x86)/atmel/studio/7.0/toolchain/avr8/avr8-gnu-toolchain/bin/../lib/gcc/avr/5.4.0/../../../../avr/lib/avr5\libprintf_flt.a(vfprintf_flt.o)
                              (vfprintf)
c:/program files (x86)/atmel/studio/7.0/toolchain/avr8/avr8-gnu-toolchain/bin/../lib/gcc/avr/5.4.0/avr5\libgcc.a(_divmodhi4.o)
                              ../../01 System/Debug\libsystem.a(pid.o) (__divmodhi4)
c:/program files (x86)/atmel/studio/7.0/toolchain/avr8/avr8-gnu-toolchain/bin/../lib/gcc/avr/5.4.0/avr5\libgcc.a(_udivmodsi4.o)
                              ../../01 System/Debug\libsystem.a(system.o) (__udivmodsi4)
c:/program files (x86)/atmel/studio/7.0/toolchain/avr8/avr8-gnu-toolchain/bin/../lib/gcc/avr/5.4.0/avr5\libgcc.a(_exit.o)
                              C:/Program Files (x86)/Atmel/Studio/7.0/Packs/atmel/ATmega_DFP/1.2.209/gcc/dev/atmega644pa/avr5/crtatmega644pa.o (exit)
c:/program files (x86)/atmel/studio/7.0/toolchain/avr8/avr8-gnu-toolchain/bin/../lib/gcc/avr/5.4.0/avr5\libgcc.a(_tablejump2.o)
                              maze.o (__tablejump2__)
c:/program files (x86)/atmel/studio/7.0/toolchain/avr8/avr8-gnu-toolchain/bin/../lib/gcc/avr/5.4.0/avr5\libgcc.a(_copy_data.o)
                              fsm.o (__do_copy_data)
c:/program files (x86)/atmel/studio/7.0/toolchain/avr8/avr8-gnu-toolchain/bin/../lib/gcc/avr/5.4.0/avr5\libgcc.a(_clear_bss.o)
                              fsm.o (__do_clear_bss)
c:/program files (x86)/atmel/studio/7.0/toolchain/avr8/avr8-gnu-toolchain/bin/../lib/gcc/avr/5.4.0/avr5\libgcc.a(_umulhisi3.o)
                              ../../01 System/Debug\libsystem.a(system.o) (__umulhisi3)
c:/program files (x86)/atmel/studio/7.0/toolchain/avr8/avr8-gnu-toolchain/bin/../lib/gcc/avr/5.4.0/avr5\libgcc.a(_muluhisi3.o)
                              ../../01 System/Debug\libsystem.a(system.o) (__muluhisi3)
c:/program files (x86)/atmel/studio/7.0/toolchain/avr8/avr8-gnu-toolchain/bin/../lib/gcc/avr/5.4.0/avr5\libgcc.a(_mulshisi3.o)
                              ../../01 System/Debug\libsystem.a(pid.o) (__mulshisi3)
c:/program files (x86)/atmel/studio/7.0/toolchain/avr8/avr8-gnu-toolchain/bin/../lib/gcc/avr/5.4.0/avr5\libgcc.a(_prologue.o)
                              c:/program files (x86)/atmel/studio/7.0/toolchain/avr8/avr8-gnu-toolchain/bin/../lib/gcc/avr/5.4.0/../../../../avr/lib/avr5\libprintf_flt.a(vfprintf_flt.o) (__prologue_saves__)
c:/program files (x86)/atmel/studio/7.0/toolchain/avr8/avr8-gnu-toolchain/bin/../lib/gcc/avr/5.4.0/avr5\libgcc.a(_epilogue.o)
                              c:/program files (x86)/atmel/studio/7.0/toolchain/avr8/avr8-gnu-toolchain/bin/../lib/gcc/avr/5.4.0/../../../../avr/lib/avr5\libprintf_flt.a(vfprintf_flt.o) (__epilogue_restores__)
c:/program files (x86)/atmel/studio/7.0/toolchain/avr8/avr8-gnu-toolchain/bin/../lib/gcc/avr/5.4.0/avr5\libgcc.a(_udivmodhi4.o)
                              c:/program files (x86)/atmel/studio/7.0/toolchain/avr8/avr8-gnu-toolchain/bin/../lib/gcc/avr/5.4.0/avr5\libgcc.a(_divmodhi4.o) (__udivmodhi4)
c:/program files (x86)/atmel/studio/7.0/toolchain/avr8/avr8-gnu-toolchain/bin/../lib/gcc/avr/5.4.0/../../../../avr/lib/avr5\libc.a(ftoa_engine.o)
                              c:/program files (x86)/atmel/studio/7.0/toolchain/avr8/avr8-gnu-toolchain/bin/../lib/gcc/avr/5.4.0/../../../../avr/lib/avr5\libprintf_flt.a(vfprintf_flt.o) (__ftoa_engine)
c:/program files (x86)/atmel/studio/7.0/toolchain/avr8/avr8-gnu-toolchain/bin/../lib/gcc/avr/5.4.0/../../../../avr/lib/avr5\libc.a(memcpy_P.o)
                              maze.o (memcpy_P)
c:/program files (x86)/atmel/studio/7.0/toolchain/avr8/avr8-gnu-toolchain/bin/../lib/gcc/avr/5.4.0/../../../../avr/lib/avr5\libc.a(strnlen_P.o)
                              c:/program files (x86)/atmel/studio/7.0/toolchain/avr8/avr8-gnu-toolchain/bin/../lib/gcc/avr/5.4.0/../../../../avr/lib/avr5\libprintf_flt.a(vfprintf_flt.o) (strnlen_P)
c:/program files (x86)/atmel/studio/7.0/toolchain/avr8/avr8-gnu-toolchain/bin/../lib/gcc/avr/5.4.0/../../../../avr/lib/avr5\libc.a(strcat.o)
                              maze.o (strcat)
c:/program files (x86)/atmel/studio/7.0/toolchain/avr8/avr8-gnu-toolchain/bin/../lib/gcc/avr/5.4.0/../../../../avr/lib/avr5\libc.a(strcpy.o)
                              maze.o (strcpy)
c:/program files (x86)/atmel/studio/7.0/toolchain/avr8/avr8-gnu-toolchain/bin/../lib/gcc/avr/5.4.0/../../../../avr/lib/avr5\libc.a(strnlen.o)
                              c:/program files (x86)/atmel/studio/7.0/toolchain/avr8/avr8-gnu-toolchain/bin/../lib/gcc/avr/5.4.0/../../../../avr/lib/avr5\libprintf_flt.a(vfprintf_flt.o) (strnlen)
c:/program files (x86)/atmel/studio/7.0/toolchain/avr8/avr8-gnu-toolchain/bin/../lib/gcc/avr/5.4.0/../../../../avr/lib/avr5\libc.a(strstr.o)
                              maze.o (strstr)
c:/program files (x86)/atmel/studio/7.0/toolchain/avr8/avr8-gnu-toolchain/bin/../lib/gcc/avr/5.4.0/../../../../avr/lib/avr5\libc.a(itoa_ncheck.o)
                              ../../01 System/Debug\libsystem.a(system.o) (__itoa_ncheck)
c:/program files (x86)/atmel/studio/7.0/toolchain/avr8/avr8-gnu-toolchain/bin/../lib/gcc/avr/5.4.0/../../../../avr/lib/avr5\libc.a(utoa_ncheck.o)
                              c:/program files (x86)/atmel/studio/7.0/toolchain/avr8/avr8-gnu-toolchain/bin/../lib/gcc/avr/5.4.0/../../../../avr/lib/avr5\libc.a(itoa_ncheck.o) (__utoa_common)
c:/program files (x86)/atmel/studio/7.0/toolchain/avr8/avr8-gnu-toolchain/bin/../lib/gcc/avr/5.4.0/../../../../avr/lib/avr5\libc.a(fputc.o)
                              c:/program files (x86)/atmel/studio/7.0/toolchain/avr8/avr8-gnu-toolchain/bin/../lib/gcc/avr/5.4.0/../../../../avr/lib/avr5\libprintf_flt.a(vfprintf_flt.o) (fputc)
c:/program files (x86)/atmel/studio/7.0/toolchain/avr8/avr8-gnu-toolchain/bin/../lib/gcc/avr/5.4.0/../../../../avr/lib/avr5\libc.a(iob.o)
                              ../../01 System/Debug\libsystem.a(log.o) (__iob)
c:/program files (x86)/atmel/studio/7.0/toolchain/avr8/avr8-gnu-toolchain/bin/../lib/gcc/avr/5.4.0/../../../../avr/lib/avr5\libc.a(printf_p.o)
                              fsm.o (printf_P)
c:/program files (x86)/atmel/studio/7.0/toolchain/avr8/avr8-gnu-toolchain/bin/../lib/gcc/avr/5.4.0/../../../../avr/lib/avr5\libc.a(sprintf_p.o)
                              maze.o (sprintf_P)
c:/program files (x86)/atmel/studio/7.0/toolchain/avr8/avr8-gnu-toolchain/bin/../lib/gcc/avr/5.4.0/../../../../avr/lib/avr5\libc.a(vfprintf_p.o)
                              ../../01 System/Debug\libsystem.a(log.o) (vfprintf_P)
c:/program files (x86)/atmel/studio/7.0/toolchain/avr8/avr8-gnu-toolchain/bin/../lib/gcc/avr/5.4.0/../../../../avr/lib/avr5\libc.a(ultoa_invert.o)
                              c:/program files (x86)/atmel/studio/7.0/toolchain/avr8/avr8-gnu-toolchain/bin/../lib/gcc/avr/5.4.0/../../../../avr/lib/avr5\libprintf_flt.a(vfprintf_flt.o) (__ultoa_invert)
c:/program files (x86)/atmel/studio/7.0/toolchain/avr8/avr8-gnu-toolchain/bin/../lib/gcc/avr/5.4.0/../../../../avr/lib/avr5\libc.a(strrev.o)
                              c:/program files (x86)/atmel/studio/7.0/toolchain/avr8/avr8-gnu-toolchain/bin/../lib/gcc/avr/5.4.0/../../../../avr/lib/avr5\libc.a(utoa_ncheck.o) (strrev)
C:/Program Files (x86)/Atmel/Studio/7.0/Packs/atmel/ATmega_DFP/1.2.209/gcc/dev/atmega644pa/avr5\libatmega644pa.a(eerd_block.o)
                              ../../01 System/Debug\libsystem.a(line_sensors.o) (eeprom_read_block)
C:/Program Files (x86)/Atmel/Studio/7.0/Packs/atmel/ATmega_DFP/1.2.209/gcc/dev/atmega644pa/avr5\libatmega644pa.a(eewr_block.o)
                              ../../01 System/Debug\libsystem.a(line_sensors.o) (eeprom_write_block)
C:/Program Files (x86)/Atmel/Studio/7.0/Packs/atmel/ATmega_DFP/1.2.209/gcc/dev/atmega644pa/avr5\libatmega644pa.a(eewr_byte.o)
                              C:/Program Files (x86)/Atmel/Studio/7.0/Packs/atmel/ATmega_DFP/1.2.209/gcc/dev/atmega644pa/avr5\libatmega644pa.a(eewr_block.o) (eeprom_write_r18)

Allocating common symbols
Common symbol       size              file

motorStatus         0x11              fsm.o
Error_code_G        0x1               ../../01 System/Debug\libsystem.a(scheduler51.o)
schTasks_G          0x15              ../../01 System/Debug\libsystem.a(scheduler51.o)
taskID              0x2               main.o
pathIndex           0x1               maze.o
stopwatches         0x11              ../../01 System/Debug\libsystem.a(system.o)
systemStatus        0x7               fsm.o
lineSensors         0x1a              fsm.o
pidData             0x12              maze.o
pathMemory          0x32              maze.o
__iob               0x6               c:/program files (x86)/atmel/studio/7.0/toolchain/avr8/avr8-gnu-toolchain/bin/../lib/gcc/avr/5.4.0/../../../../avr/lib/avr5\libc.a(iob.o)

Discarded input sections

 .data          0x00000000        0x0 C:/Program Files (x86)/Atmel/Studio/7.0/Packs/atmel/ATmega_DFP/1.2.209/gcc/dev/atmega644pa/avr5/crtatmega644pa.o
 .bss           0x00000000        0x0 C:/Program Files (x86)/Atmel/Studio/7.0/Packs/atmel/ATmega_DFP/1.2.209/gcc/dev/atmega644pa/avr5/crtatmega644pa.o
 .text          0x00000000        0x0 fsm.o
 .data          0x00000000        0x0 fsm.o
 .bss           0x00000000        0x0 fsm.o
 .text.state_transition
                0x00000000       0x54 fsm.o
 .text          0x00000000        0x0 main.o
 .data          0x00000000        0x0 main.o
 .bss           0x00000000        0x0 main.o
 .text          0x00000000        0x0 maze.o
 .data          0x00000000        0x0 maze.o
 .bss           0x00000000        0x0 maze.o
 .text          0x00000000        0x0 ../../01 System/Debug\libsystem.a(encoder.o)
 .data          0x00000000        0x0 ../../01 System/Debug\libsystem.a(encoder.o)
 .bss           0x00000000        0x0 ../../01 System/Debug\libsystem.a(encoder.o)
 .text          0x00000000        0x0 ../../01 System/Debug\libsystem.a(line_sensors.o)
 .data          0x00000000        0x0 ../../01 System/Debug\libsystem.a(line_sensors.o)
 .bss           0x00000000        0x0 ../../01 System/Debug\libsystem.a(line_sensors.o)
 .text          0x00000000        0x0 ../../01 System/Debug\libsystem.a(log.o)
 .data          0x00000000        0x0 ../../01 System/Debug\libsystem.a(log.o)
 .bss           0x00000000        0x0 ../../01 System/Debug\libsystem.a(log.o)
 .text._log_Warning
                0x00000000       0x4a ../../01 System/Debug\libsystem.a(log.o)
 .text._log_Fatal
                0x00000000       0x4a ../../01 System/Debug\libsystem.a(log.o)
 .progmem.data.fatal_str
                0x00000000        0x9 ../../01 System/Debug\libsystem.a(log.o)
 .progmem.data.warn_str
                0x00000000        0xb ../../01 System/Debug\libsystem.a(log.o)
 .text          0x00000000        0x0 ../../01 System/Debug\libsystem.a(motor.o)
 .data          0x00000000        0x0 ../../01 System/Debug\libsystem.a(motor.o)
 .bss           0x00000000        0x0 ../../01 System/Debug\libsystem.a(motor.o)
 .text          0x00000000        0x0 ../../01 System/Debug\libsystem.a(pid.o)
 .data          0x00000000        0x0 ../../01 System/Debug\libsystem.a(pid.o)
 .bss           0x00000000        0x0 ../../01 System/Debug\libsystem.a(pid.o)
 .text          0x00000000        0x0 ../../01 System/Debug\libsystem.a(scheduler51.o)
 .data          0x00000000        0x0 ../../01 System/Debug\libsystem.a(scheduler51.o)
 .bss           0x00000000        0x0 ../../01 System/Debug\libsystem.a(scheduler51.o)
 .text          0x00000000        0x0 ../../01 System/Debug\libsystem.a(system.o)
 .data          0x00000000        0x0 ../../01 System/Debug\libsystem.a(system.o)
 .bss           0x00000000        0x0 ../../01 System/Debug\libsystem.a(system.o)
 .text.adc_Read_Avg
                0x00000000       0x5c ../../01 System/Debug\libsystem.a(system.o)
 .text.waitStart
                0x00000000       0x6a ../../01 System/Debug\libsystem.a(system.o)
 .text.get_time_ms
                0x00000000       0x16 ../../01 System/Debug\libsystem.a(system.o)
 .text.get_time_s
                0x00000000       0x28 ../../01 System/Debug\libsystem.a(system.o)
 .text.time_reset
                0x00000000       0x16 ../../01 System/Debug\libsystem.a(system.o)
 .text.uart_putInt
                0x00000000       0x3a ../../01 System/Debug\libsystem.a(system.o)
 .text.battery_setStateChangedHandler
                0x00000000        0xa ../../01 System/Debug\libsystem.a(system.o)
 .text.com_setStateChangedHandler
                0x00000000        0xa ../../01 System/Debug\libsystem.a(system.o)
 .text.drive_setStateChangedHandler
                0x00000000        0xa ../../01 System/Debug\libsystem.a(system.o)
 .text          0x00000000        0x0 ../../01 System/Debug\libsystem.a(timer.o)
 .data          0x00000000        0x0 ../../01 System/Debug\libsystem.a(timer.o)
 .bss           0x00000000        0x0 ../../01 System/Debug\libsystem.a(timer.o)
 .text          0x00000000        0x0 ../../01 System/Debug\libsystem.a(uart.o)
 .data          0x00000000        0x0 ../../01 System/Debug\libsystem.a(uart.o)
 .bss           0x00000000        0x0 ../../01 System/Debug\libsystem.a(uart.o)
 .text.uart_getc
                0x00000000       0x3c ../../01 System/Debug\libsystem.a(uart.o)
 .text.uart_puts
                0x00000000       0x1e ../../01 System/Debug\libsystem.a(uart.o)
 .text.uart1_init
                0x00000000       0x32 ../../01 System/Debug\libsystem.a(uart.o)
 .text.uart1_getc
                0x00000000       0x3c ../../01 System/Debug\libsystem.a(uart.o)
 .text.uart1_putc
                0x00000000       0x2a ../../01 System/Debug\libsystem.a(uart.o)
 .text.uart1_puts
                0x00000000       0x1e ../../01 System/Debug\libsystem.a(uart.o)
 .text.uart1_puts_p
                0x00000000       0x24 ../../01 System/Debug\libsystem.a(uart.o)
 .text          0x00000000        0x0 c:/program files (x86)/atmel/studio/7.0/toolchain/avr8/avr8-gnu-toolchain/bin/../lib/gcc/avr/5.4.0/../../../../avr/lib/avr5\libprintf_flt.a(vfprintf_flt.o)
 .data          0x00000000        0x0 c:/program files (x86)/atmel/studio/7.0/toolchain/avr8/avr8-gnu-toolchain/bin/../lib/gcc/avr/5.4.0/../../../../avr/lib/avr5\libprintf_flt.a(vfprintf_flt.o)
 .bss           0x00000000        0x0 c:/program files (x86)/atmel/studio/7.0/toolchain/avr8/avr8-gnu-toolchain/bin/../lib/gcc/avr/5.4.0/../../../../avr/lib/avr5\libprintf_flt.a(vfprintf_flt.o)
 .text          0x00000000        0x0 c:/program files (x86)/atmel/studio/7.0/toolchain/avr8/avr8-gnu-toolchain/bin/../lib/gcc/avr/5.4.0/avr5\libgcc.a(_divmodhi4.o)
 .data          0x00000000        0x0 c:/program files (x86)/atmel/studio/7.0/toolchain/avr8/avr8-gnu-toolchain/bin/../lib/gcc/avr/5.4.0/avr5\libgcc.a(_divmodhi4.o)
 .bss           0x00000000        0x0 c:/program files (x86)/atmel/studio/7.0/toolchain/avr8/avr8-gnu-toolchain/bin/../lib/gcc/avr/5.4.0/avr5\libgcc.a(_divmodhi4.o)
 .text.libgcc.mul
                0x00000000        0x0 c:/program files (x86)/atmel/studio/7.0/toolchain/avr8/avr8-gnu-toolchain/bin/../lib/gcc/avr/5.4.0/avr5\libgcc.a(_divmodhi4.o)
 .text.libgcc   0x00000000        0x0 c:/program files (x86)/atmel/studio/7.0/toolchain/avr8/avr8-gnu-toolchain/bin/../lib/gcc/avr/5.4.0/avr5\libgcc.a(_divmodhi4.o)
 .text.libgcc.prologue
                0x00000000        0x0 c:/program files (x86)/atmel/studio/7.0/toolchain/avr8/avr8-gnu-toolchain/bin/../lib/gcc/avr/5.4.0/avr5\libgcc.a(_divmodhi4.o)
 .text.libgcc.builtins
                0x00000000        0x0 c:/program files (x86)/atmel/studio/7.0/toolchain/avr8/avr8-gnu-toolchain/bin/../lib/gcc/avr/5.4.0/avr5\libgcc.a(_divmodhi4.o)
 .text.libgcc.fmul
                0x00000000        0x0 c:/program files (x86)/atmel/studio/7.0/toolchain/avr8/avr8-gnu-toolchain/bin/../lib/gcc/avr/5.4.0/avr5\libgcc.a(_divmodhi4.o)
 .text.libgcc.fixed
                0x00000000        0x0 c:/program files (x86)/atmel/studio/7.0/toolchain/avr8/avr8-gnu-toolchain/bin/../lib/gcc/avr/5.4.0/avr5\libgcc.a(_divmodhi4.o)
 .text          0x00000000        0x0 c:/program files (x86)/atmel/studio/7.0/toolchain/avr8/avr8-gnu-toolchain/bin/../lib/gcc/avr/5.4.0/avr5\libgcc.a(_udivmodsi4.o)
 .data          0x00000000        0x0 c:/program files (x86)/atmel/studio/7.0/toolchain/avr8/avr8-gnu-toolchain/bin/../lib/gcc/avr/5.4.0/avr5\libgcc.a(_udivmodsi4.o)
 .bss           0x00000000        0x0 c:/program files (x86)/atmel/studio/7.0/toolchain/avr8/avr8-gnu-toolchain/bin/../lib/gcc/avr/5.4.0/avr5\libgcc.a(_udivmodsi4.o)
 .text.libgcc.mul
                0x00000000        0x0 c:/program files (x86)/atmel/studio/7.0/toolchain/avr8/avr8-gnu-toolchain/bin/../lib/gcc/avr/5.4.0/avr5\libgcc.a(_udivmodsi4.o)
 .text.libgcc.div
                0x00000000       0x44 c:/program files (x86)/atmel/studio/7.0/toolchain/avr8/avr8-gnu-toolchain/bin/../lib/gcc/avr/5.4.0/avr5\libgcc.a(_udivmodsi4.o)
 .text.libgcc   0x00000000        0x0 c:/program files (x86)/atmel/studio/7.0/toolchain/avr8/avr8-gnu-toolchain/bin/../lib/gcc/avr/5.4.0/avr5\libgcc.a(_udivmodsi4.o)
 .text.libgcc.prologue
                0x00000000        0x0 c:/program files (x86)/atmel/studio/7.0/toolchain/avr8/avr8-gnu-toolchain/bin/../lib/gcc/avr/5.4.0/avr5\libgcc.a(_udivmodsi4.o)
 .text.libgcc.builtins
                0x00000000        0x0 c:/program files (x86)/atmel/studio/7.0/toolchain/avr8/avr8-gnu-toolchain/bin/../lib/gcc/avr/5.4.0/avr5\libgcc.a(_udivmodsi4.o)
 .text.libgcc.fmul
                0x00000000        0x0 c:/program files (x86)/atmel/studio/7.0/toolchain/avr8/avr8-gnu-toolchain/bin/../lib/gcc/avr/5.4.0/avr5\libgcc.a(_udivmodsi4.o)
 .text.libgcc.fixed
                0x00000000        0x0 c:/program files (x86)/atmel/studio/7.0/toolchain/avr8/avr8-gnu-toolchain/bin/../lib/gcc/avr/5.4.0/avr5\libgcc.a(_udivmodsi4.o)
 .text          0x00000000        0x0 c:/program files (x86)/atmel/studio/7.0/toolchain/avr8/avr8-gnu-toolchain/bin/../lib/gcc/avr/5.4.0/avr5\libgcc.a(_exit.o)
 .data          0x00000000        0x0 c:/program files (x86)/atmel/studio/7.0/toolchain/avr8/avr8-gnu-toolchain/bin/../lib/gcc/avr/5.4.0/avr5\libgcc.a(_exit.o)
 .bss           0x00000000        0x0 c:/program files (x86)/atmel/studio/7.0/toolchain/avr8/avr8-gnu-toolchain/bin/../lib/gcc/avr/5.4.0/avr5\libgcc.a(_exit.o)
 .text.libgcc.mul
                0x00000000        0x0 c:/program files (x86)/atmel/studio/7.0/toolchain/avr8/avr8-gnu-toolchain/bin/../lib/gcc/avr/5.4.0/avr5\libgcc.a(_exit.o)
 .text.libgcc.div
                0x00000000        0x0 c:/program files (x86)/atmel/studio/7.0/toolchain/avr8/avr8-gnu-toolchain/bin/../lib/gcc/avr/5.4.0/avr5\libgcc.a(_exit.o)
 .text.libgcc   0x00000000        0x0 c:/program files (x86)/atmel/studio/7.0/toolchain/avr8/avr8-gnu-toolchain/bin/../lib/gcc/avr/5.4.0/avr5\libgcc.a(_exit.o)
 .text.libgcc.prologue
                0x00000000        0x0 c:/program files (x86)/atmel/studio/7.0/toolchain/avr8/avr8-gnu-toolchain/bin/../lib/gcc/avr/5.4.0/avr5\libgcc.a(_exit.o)
 .text.libgcc.builtins
                0x00000000        0x0 c:/program files (x86)/atmel/studio/7.0/toolchain/avr8/avr8-gnu-toolchain/bin/../lib/gcc/avr/5.4.0/avr5\libgcc.a(_exit.o)
 .text.libgcc.fmul
                0x00000000        0x0 c:/program files (x86)/atmel/studio/7.0/toolchain/avr8/avr8-gnu-toolchain/bin/../lib/gcc/avr/5.4.0/avr5\libgcc.a(_exit.o)
 .text.libgcc.fixed
                0x00000000        0x0 c:/program files (x86)/atmel/studio/7.0/toolchain/avr8/avr8-gnu-toolchain/bin/../lib/gcc/avr/5.4.0/avr5\libgcc.a(_exit.o)
 .text          0x00000000        0x0 c:/program files (x86)/atmel/studio/7.0/toolchain/avr8/avr8-gnu-toolchain/bin/../lib/gcc/avr/5.4.0/avr5\libgcc.a(_tablejump2.o)
 .data          0x00000000        0x0 c:/program files (x86)/atmel/studio/7.0/toolchain/avr8/avr8-gnu-toolchain/bin/../lib/gcc/avr/5.4.0/avr5\libgcc.a(_tablejump2.o)
 .bss           0x00000000        0x0 c:/program files (x86)/atmel/studio/7.0/toolchain/avr8/avr8-gnu-toolchain/bin/../lib/gcc/avr/5.4.0/avr5\libgcc.a(_tablejump2.o)
 .text.libgcc.mul
                0x00000000        0x0 c:/program files (x86)/atmel/studio/7.0/toolchain/avr8/avr8-gnu-toolchain/bin/../lib/gcc/avr/5.4.0/avr5\libgcc.a(_tablejump2.o)
 .text.libgcc.div
                0x00000000        0x0 c:/program files (x86)/atmel/studio/7.0/toolchain/avr8/avr8-gnu-toolchain/bin/../lib/gcc/avr/5.4.0/avr5\libgcc.a(_tablejump2.o)
 .text.libgcc.prologue
                0x00000000        0x0 c:/program files (x86)/atmel/studio/7.0/toolchain/avr8/avr8-gnu-toolchain/bin/../lib/gcc/avr/5.4.0/avr5\libgcc.a(_tablejump2.o)
 .text.libgcc.builtins
                0x00000000        0x0 c:/program files (x86)/atmel/studio/7.0/toolchain/avr8/avr8-gnu-toolchain/bin/../lib/gcc/avr/5.4.0/avr5\libgcc.a(_tablejump2.o)
 .text.libgcc.fmul
                0x00000000        0x0 c:/program files (x86)/atmel/studio/7.0/toolchain/avr8/avr8-gnu-toolchain/bin/../lib/gcc/avr/5.4.0/avr5\libgcc.a(_tablejump2.o)
 .text.libgcc.fixed
                0x00000000        0x0 c:/program files (x86)/atmel/studio/7.0/toolchain/avr8/avr8-gnu-toolchain/bin/../lib/gcc/avr/5.4.0/avr5\libgcc.a(_tablejump2.o)
 .text          0x00000000        0x0 c:/program files (x86)/atmel/studio/7.0/toolchain/avr8/avr8-gnu-toolchain/bin/../lib/gcc/avr/5.4.0/avr5\libgcc.a(_copy_data.o)
 .data          0x00000000        0x0 c:/program files (x86)/atmel/studio/7.0/toolchain/avr8/avr8-gnu-toolchain/bin/../lib/gcc/avr/5.4.0/avr5\libgcc.a(_copy_data.o)
 .bss           0x00000000        0x0 c:/program files (x86)/atmel/studio/7.0/toolchain/avr8/avr8-gnu-toolchain/bin/../lib/gcc/avr/5.4.0/avr5\libgcc.a(_copy_data.o)
 .text.libgcc.mul
                0x00000000        0x0 c:/program files (x86)/atmel/studio/7.0/toolchain/avr8/avr8-gnu-toolchain/bin/../lib/gcc/avr/5.4.0/avr5\libgcc.a(_copy_data.o)
 .text.libgcc.div
                0x00000000        0x0 c:/program files (x86)/atmel/studio/7.0/toolchain/avr8/avr8-gnu-toolchain/bin/../lib/gcc/avr/5.4.0/avr5\libgcc.a(_copy_data.o)
 .text.libgcc   0x00000000        0x0 c:/program files (x86)/atmel/studio/7.0/toolchain/avr8/avr8-gnu-toolchain/bin/../lib/gcc/avr/5.4.0/avr5\libgcc.a(_copy_data.o)
 .text.libgcc.prologue
                0x00000000        0x0 c:/program files (x86)/atmel/studio/7.0/toolchain/avr8/avr8-gnu-toolchain/bin/../lib/gcc/avr/5.4.0/avr5\libgcc.a(_copy_data.o)
 .text.libgcc.builtins
                0x00000000        0x0 c:/program files (x86)/atmel/studio/7.0/toolchain/avr8/avr8-gnu-toolchain/bin/../lib/gcc/avr/5.4.0/avr5\libgcc.a(_copy_data.o)
 .text.libgcc.fmul
                0x00000000        0x0 c:/program files (x86)/atmel/studio/7.0/toolchain/avr8/avr8-gnu-toolchain/bin/../lib/gcc/avr/5.4.0/avr5\libgcc.a(_copy_data.o)
 .text.libgcc.fixed
                0x00000000        0x0 c:/program files (x86)/atmel/studio/7.0/toolchain/avr8/avr8-gnu-toolchain/bin/../lib/gcc/avr/5.4.0/avr5\libgcc.a(_copy_data.o)
 .text          0x00000000        0x0 c:/program files (x86)/atmel/studio/7.0/toolchain/avr8/avr8-gnu-toolchain/bin/../lib/gcc/avr/5.4.0/avr5\libgcc.a(_clear_bss.o)
 .data          0x00000000        0x0 c:/program files (x86)/atmel/studio/7.0/toolchain/avr8/avr8-gnu-toolchain/bin/../lib/gcc/avr/5.4.0/avr5\libgcc.a(_clear_bss.o)
 .bss           0x00000000        0x0 c:/program files (x86)/atmel/studio/7.0/toolchain/avr8/avr8-gnu-toolchain/bin/../lib/gcc/avr/5.4.0/avr5\libgcc.a(_clear_bss.o)
 .text.libgcc.mul
                0x00000000        0x0 c:/program files (x86)/atmel/studio/7.0/toolchain/avr8/avr8-gnu-toolchain/bin/../lib/gcc/avr/5.4.0/avr5\libgcc.a(_clear_bss.o)
 .text.libgcc.div
                0x00000000        0x0 c:/program files (x86)/atmel/studio/7.0/toolchain/avr8/avr8-gnu-toolchain/bin/../lib/gcc/avr/5.4.0/avr5\libgcc.a(_clear_bss.o)
 .text.libgcc   0x00000000        0x0 c:/program files (x86)/atmel/studio/7.0/toolchain/avr8/avr8-gnu-toolchain/bin/../lib/gcc/avr/5.4.0/avr5\libgcc.a(_clear_bss.o)
 .text.libgcc.prologue
                0x00000000        0x0 c:/program files (x86)/atmel/studio/7.0/toolchain/avr8/avr8-gnu-toolchain/bin/../lib/gcc/avr/5.4.0/avr5\libgcc.a(_clear_bss.o)
 .text.libgcc.builtins
                0x00000000        0x0 c:/program files (x86)/atmel/studio/7.0/toolchain/avr8/avr8-gnu-toolchain/bin/../lib/gcc/avr/5.4.0/avr5\libgcc.a(_clear_bss.o)
 .text.libgcc.fmul
                0x00000000        0x0 c:/program files (x86)/atmel/studio/7.0/toolchain/avr8/avr8-gnu-toolchain/bin/../lib/gcc/avr/5.4.0/avr5\libgcc.a(_clear_bss.o)
 .text.libgcc.fixed
                0x00000000        0x0 c:/program files (x86)/atmel/studio/7.0/toolchain/avr8/avr8-gnu-toolchain/bin/../lib/gcc/avr/5.4.0/avr5\libgcc.a(_clear_bss.o)
 .text          0x00000000        0x0 c:/program files (x86)/atmel/studio/7.0/toolchain/avr8/avr8-gnu-toolchain/bin/../lib/gcc/avr/5.4.0/avr5\libgcc.a(_umulhisi3.o)
 .data          0x00000000        0x0 c:/program files (x86)/atmel/studio/7.0/toolchain/avr8/avr8-gnu-toolchain/bin/../lib/gcc/avr/5.4.0/avr5\libgcc.a(_umulhisi3.o)
 .bss           0x00000000        0x0 c:/program files (x86)/atmel/studio/7.0/toolchain/avr8/avr8-gnu-toolchain/bin/../lib/gcc/avr/5.4.0/avr5\libgcc.a(_umulhisi3.o)
 .text.libgcc.div
                0x00000000        0x0 c:/program files (x86)/atmel/studio/7.0/toolchain/avr8/avr8-gnu-toolchain/bin/../lib/gcc/avr/5.4.0/avr5\libgcc.a(_umulhisi3.o)
 .text.libgcc   0x00000000        0x0 c:/program files (x86)/atmel/studio/7.0/toolchain/avr8/avr8-gnu-toolchain/bin/../lib/gcc/avr/5.4.0/avr5\libgcc.a(_umulhisi3.o)
 .text.libgcc.prologue
                0x00000000        0x0 c:/program files (x86)/atmel/studio/7.0/toolchain/avr8/avr8-gnu-toolchain/bin/../lib/gcc/avr/5.4.0/avr5\libgcc.a(_umulhisi3.o)
 .text.libgcc.builtins
                0x00000000        0x0 c:/program files (x86)/atmel/studio/7.0/toolchain/avr8/avr8-gnu-toolchain/bin/../lib/gcc/avr/5.4.0/avr5\libgcc.a(_umulhisi3.o)
 .text.libgcc.fmul
                0x00000000        0x0 c:/program files (x86)/atmel/studio/7.0/toolchain/avr8/avr8-gnu-toolchain/bin/../lib/gcc/avr/5.4.0/avr5\libgcc.a(_umulhisi3.o)
 .text.libgcc.fixed
                0x00000000        0x0 c:/program files (x86)/atmel/studio/7.0/toolchain/avr8/avr8-gnu-toolchain/bin/../lib/gcc/avr/5.4.0/avr5\libgcc.a(_umulhisi3.o)
 .text          0x00000000        0x0 c:/program files (x86)/atmel/studio/7.0/toolchain/avr8/avr8-gnu-toolchain/bin/../lib/gcc/avr/5.4.0/avr5\libgcc.a(_muluhisi3.o)
 .data          0x00000000        0x0 c:/program files (x86)/atmel/studio/7.0/toolchain/avr8/avr8-gnu-toolchain/bin/../lib/gcc/avr/5.4.0/avr5\libgcc.a(_muluhisi3.o)
 .bss           0x00000000        0x0 c:/program files (x86)/atmel/studio/7.0/toolchain/avr8/avr8-gnu-toolchain/bin/../lib/gcc/avr/5.4.0/avr5\libgcc.a(_muluhisi3.o)
 .text.libgcc.div
                0x00000000        0x0 c:/program files (x86)/atmel/studio/7.0/toolchain/avr8/avr8-gnu-toolchain/bin/../lib/gcc/avr/5.4.0/avr5\libgcc.a(_muluhisi3.o)
 .text.libgcc   0x00000000        0x0 c:/program files (x86)/atmel/studio/7.0/toolchain/avr8/avr8-gnu-toolchain/bin/../lib/gcc/avr/5.4.0/avr5\libgcc.a(_muluhisi3.o)
 .text.libgcc.prologue
                0x00000000        0x0 c:/program files (x86)/atmel/studio/7.0/toolchain/avr8/avr8-gnu-toolchain/bin/../lib/gcc/avr/5.4.0/avr5\libgcc.a(_muluhisi3.o)
 .text.libgcc.builtins
                0x00000000        0x0 c:/program files (x86)/atmel/studio/7.0/toolchain/avr8/avr8-gnu-toolchain/bin/../lib/gcc/avr/5.4.0/avr5\libgcc.a(_muluhisi3.o)
 .text.libgcc.fmul
                0x00000000        0x0 c:/program files (x86)/atmel/studio/7.0/toolchain/avr8/avr8-gnu-toolchain/bin/../lib/gcc/avr/5.4.0/avr5\libgcc.a(_muluhisi3.o)
 .text.libgcc.fixed
                0x00000000        0x0 c:/program files (x86)/atmel/studio/7.0/toolchain/avr8/avr8-gnu-toolchain/bin/../lib/gcc/avr/5.4.0/avr5\libgcc.a(_muluhisi3.o)
 .text          0x00000000        0x0 c:/program files (x86)/atmel/studio/7.0/toolchain/avr8/avr8-gnu-toolchain/bin/../lib/gcc/avr/5.4.0/avr5\libgcc.a(_mulshisi3.o)
 .data          0x00000000        0x0 c:/program files (x86)/atmel/studio/7.0/toolchain/avr8/avr8-gnu-toolchain/bin/../lib/gcc/avr/5.4.0/avr5\libgcc.a(_mulshisi3.o)
 .bss           0x00000000        0x0 c:/program files (x86)/atmel/studio/7.0/toolchain/avr8/avr8-gnu-toolchain/bin/../lib/gcc/avr/5.4.0/avr5\libgcc.a(_mulshisi3.o)
 .text.libgcc.div
                0x00000000        0x0 c:/program files (x86)/atmel/studio/7.0/toolchain/avr8/avr8-gnu-toolchain/bin/../lib/gcc/avr/5.4.0/avr5\libgcc.a(_mulshisi3.o)
 .text.libgcc   0x00000000        0x0 c:/program files (x86)/atmel/studio/7.0/toolchain/avr8/avr8-gnu-toolchain/bin/../lib/gcc/avr/5.4.0/avr5\libgcc.a(_mulshisi3.o)
 .text.libgcc.prologue
                0x00000000        0x0 c:/program files (x86)/atmel/studio/7.0/toolchain/avr8/avr8-gnu-toolchain/bin/../lib/gcc/avr/5.4.0/avr5\libgcc.a(_mulshisi3.o)
 .text.libgcc.builtins
                0x00000000        0x0 c:/program files (x86)/atmel/studio/7.0/toolchain/avr8/avr8-gnu-toolchain/bin/../lib/gcc/avr/5.4.0/avr5\libgcc.a(_mulshisi3.o)
 .text.libgcc.fmul
                0x00000000        0x0 c:/program files (x86)/atmel/studio/7.0/toolchain/avr8/avr8-gnu-toolchain/bin/../lib/gcc/avr/5.4.0/avr5\libgcc.a(_mulshisi3.o)
 .text.libgcc.fixed
                0x00000000        0x0 c:/program files (x86)/atmel/studio/7.0/toolchain/avr8/avr8-gnu-toolchain/bin/../lib/gcc/avr/5.4.0/avr5\libgcc.a(_mulshisi3.o)
 .text          0x00000000        0x0 c:/program files (x86)/atmel/studio/7.0/toolchain/avr8/avr8-gnu-toolchain/bin/../lib/gcc/avr/5.4.0/avr5\libgcc.a(_prologue.o)
 .data          0x00000000        0x0 c:/program files (x86)/atmel/studio/7.0/toolchain/avr8/avr8-gnu-toolchain/bin/../lib/gcc/avr/5.4.0/avr5\libgcc.a(_prologue.o)
 .bss           0x00000000        0x0 c:/program files (x86)/atmel/studio/7.0/toolchain/avr8/avr8-gnu-toolchain/bin/../lib/gcc/avr/5.4.0/avr5\libgcc.a(_prologue.o)
 .text.libgcc.mul
                0x00000000        0x0 c:/program files (x86)/atmel/studio/7.0/toolchain/avr8/avr8-gnu-toolchain/bin/../lib/gcc/avr/5.4.0/avr5\libgcc.a(_prologue.o)
 .text.libgcc.div
                0x00000000        0x0 c:/program files (x86)/atmel/studio/7.0/toolchain/avr8/avr8-gnu-toolchain/bin/../lib/gcc/avr/5.4.0/avr5\libgcc.a(_prologue.o)
 .text.libgcc   0x00000000        0x0 c:/program files (x86)/atmel/studio/7.0/toolchain/avr8/avr8-gnu-toolchain/bin/../lib/gcc/avr/5.4.0/avr5\libgcc.a(_prologue.o)
 .text.libgcc.builtins
                0x00000000        0x0 c:/program files (x86)/atmel/studio/7.0/toolchain/avr8/avr8-gnu-toolchain/bin/../lib/gcc/avr/5.4.0/avr5\libgcc.a(_prologue.o)
 .text.libgcc.fmul
                0x00000000        0x0 c:/program files (x86)/atmel/studio/7.0/toolchain/avr8/avr8-gnu-toolchain/bin/../lib/gcc/avr/5.4.0/avr5\libgcc.a(_prologue.o)
 .text.libgcc.fixed
                0x00000000        0x0 c:/program files (x86)/atmel/studio/7.0/toolchain/avr8/avr8-gnu-toolchain/bin/../lib/gcc/avr/5.4.0/avr5\libgcc.a(_prologue.o)
 .text          0x00000000        0x0 c:/program files (x86)/atmel/studio/7.0/toolchain/avr8/avr8-gnu-toolchain/bin/../lib/gcc/avr/5.4.0/avr5\libgcc.a(_epilogue.o)
 .data          0x00000000        0x0 c:/program files (x86)/atmel/studio/7.0/toolchain/avr8/avr8-gnu-toolchain/bin/../lib/gcc/avr/5.4.0/avr5\libgcc.a(_epilogue.o)
 .bss           0x00000000        0x0 c:/program files (x86)/atmel/studio/7.0/toolchain/avr8/avr8-gnu-toolchain/bin/../lib/gcc/avr/5.4.0/avr5\libgcc.a(_epilogue.o)
 .text.libgcc.mul
                0x00000000        0x0 c:/program files (x86)/atmel/studio/7.0/toolchain/avr8/avr8-gnu-toolchain/bin/../lib/gcc/avr/5.4.0/avr5\libgcc.a(_epilogue.o)
 .text.libgcc.div
                0x00000000        0x0 c:/program files (x86)/atmel/studio/7.0/toolchain/avr8/avr8-gnu-toolchain/bin/../lib/gcc/avr/5.4.0/avr5\libgcc.a(_epilogue.o)
 .text.libgcc   0x00000000        0x0 c:/program files (x86)/atmel/studio/7.0/toolchain/avr8/avr8-gnu-toolchain/bin/../lib/gcc/avr/5.4.0/avr5\libgcc.a(_epilogue.o)
 .text.libgcc.builtins
                0x00000000        0x0 c:/program files (x86)/atmel/studio/7.0/toolchain/avr8/avr8-gnu-toolchain/bin/../lib/gcc/avr/5.4.0/avr5\libgcc.a(_epilogue.o)
 .text.libgcc.fmul
                0x00000000        0x0 c:/program files (x86)/atmel/studio/7.0/toolchain/avr8/avr8-gnu-toolchain/bin/../lib/gcc/avr/5.4.0/avr5\libgcc.a(_epilogue.o)
 .text.libgcc.fixed
                0x00000000        0x0 c:/program files (x86)/atmel/studio/7.0/toolchain/avr8/avr8-gnu-toolchain/bin/../lib/gcc/avr/5.4.0/avr5\libgcc.a(_epilogue.o)
 .text          0x00000000        0x0 c:/program files (x86)/atmel/studio/7.0/toolchain/avr8/avr8-gnu-toolchain/bin/../lib/gcc/avr/5.4.0/avr5\libgcc.a(_udivmodhi4.o)
 .data          0x00000000        0x0 c:/program files (x86)/atmel/studio/7.0/toolchain/avr8/avr8-gnu-toolchain/bin/../lib/gcc/avr/5.4.0/avr5\libgcc.a(_udivmodhi4.o)
 .bss           0x00000000        0x0 c:/program files (x86)/atmel/studio/7.0/toolchain/avr8/avr8-gnu-toolchain/bin/../lib/gcc/avr/5.4.0/avr5\libgcc.a(_udivmodhi4.o)
 .text.libgcc.mul
                0x00000000        0x0 c:/program files (x86)/atmel/studio/7.0/toolchain/avr8/avr8-gnu-toolchain/bin/../lib/gcc/avr/5.4.0/avr5\libgcc.a(_udivmodhi4.o)
 .text.libgcc   0x00000000        0x0 c:/program files (x86)/atmel/studio/7.0/toolchain/avr8/avr8-gnu-toolchain/bin/../lib/gcc/avr/5.4.0/avr5\libgcc.a(_udivmodhi4.o)
 .text.libgcc.prologue
                0x00000000        0x0 c:/program files (x86)/atmel/studio/7.0/toolchain/avr8/avr8-gnu-toolchain/bin/../lib/gcc/avr/5.4.0/avr5\libgcc.a(_udivmodhi4.o)
 .text.libgcc.builtins
                0x00000000        0x0 c:/program files (x86)/atmel/studio/7.0/toolchain/avr8/avr8-gnu-toolchain/bin/../lib/gcc/avr/5.4.0/avr5\libgcc.a(_udivmodhi4.o)
 .text.libgcc.fmul
                0x00000000        0x0 c:/program files (x86)/atmel/studio/7.0/toolchain/avr8/avr8-gnu-toolchain/bin/../lib/gcc/avr/5.4.0/avr5\libgcc.a(_udivmodhi4.o)
 .text.libgcc.fixed
                0x00000000        0x0 c:/program files (x86)/atmel/studio/7.0/toolchain/avr8/avr8-gnu-toolchain/bin/../lib/gcc/avr/5.4.0/avr5\libgcc.a(_udivmodhi4.o)
 .text          0x00000000        0x0 c:/program files (x86)/atmel/studio/7.0/toolchain/avr8/avr8-gnu-toolchain/bin/../lib/gcc/avr/5.4.0/../../../../avr/lib/avr5\libc.a(ftoa_engine.o)
 .data          0x00000000        0x0 c:/program files (x86)/atmel/studio/7.0/toolchain/avr8/avr8-gnu-toolchain/bin/../lib/gcc/avr/5.4.0/../../../../avr/lib/avr5\libc.a(ftoa_engine.o)
 .bss           0x00000000        0x0 c:/program files (x86)/atmel/studio/7.0/toolchain/avr8/avr8-gnu-toolchain/bin/../lib/gcc/avr/5.4.0/../../../../avr/lib/avr5\libc.a(ftoa_engine.o)
 .text          0x00000000        0x0 c:/program files (x86)/atmel/studio/7.0/toolchain/avr8/avr8-gnu-toolchain/bin/../lib/gcc/avr/5.4.0/../../../../avr/lib/avr5\libc.a(memcpy_P.o)
 .data          0x00000000        0x0 c:/program files (x86)/atmel/studio/7.0/toolchain/avr8/avr8-gnu-toolchain/bin/../lib/gcc/avr/5.4.0/../../../../avr/lib/avr5\libc.a(memcpy_P.o)
 .bss           0x00000000        0x0 c:/program files (x86)/atmel/studio/7.0/toolchain/avr8/avr8-gnu-toolchain/bin/../lib/gcc/avr/5.4.0/../../../../avr/lib/avr5\libc.a(memcpy_P.o)
 .text          0x00000000        0x0 c:/program files (x86)/atmel/studio/7.0/toolchain/avr8/avr8-gnu-toolchain/bin/../lib/gcc/avr/5.4.0/../../../../avr/lib/avr5\libc.a(strnlen_P.o)
 .data          0x00000000        0x0 c:/program files (x86)/atmel/studio/7.0/toolchain/avr8/avr8-gnu-toolchain/bin/../lib/gcc/avr/5.4.0/../../../../avr/lib/avr5\libc.a(strnlen_P.o)
 .bss           0x00000000        0x0 c:/program files (x86)/atmel/studio/7.0/toolchain/avr8/avr8-gnu-toolchain/bin/../lib/gcc/avr/5.4.0/../../../../avr/lib/avr5\libc.a(strnlen_P.o)
 .text          0x00000000        0x0 c:/program files (x86)/atmel/studio/7.0/toolchain/avr8/avr8-gnu-toolchain/bin/../lib/gcc/avr/5.4.0/../../../../avr/lib/avr5\libc.a(strcat.o)
 .data          0x00000000        0x0 c:/program files (x86)/atmel/studio/7.0/toolchain/avr8/avr8-gnu-toolchain/bin/../lib/gcc/avr/5.4.0/../../../../avr/lib/avr5\libc.a(strcat.o)
 .bss           0x00000000        0x0 c:/program files (x86)/atmel/studio/7.0/toolchain/avr8/avr8-gnu-toolchain/bin/../lib/gcc/avr/5.4.0/../../../../avr/lib/avr5\libc.a(strcat.o)
 .text          0x00000000        0x0 c:/program files (x86)/atmel/studio/7.0/toolchain/avr8/avr8-gnu-toolchain/bin/../lib/gcc/avr/5.4.0/../../../../avr/lib/avr5\libc.a(strcpy.o)
 .data          0x00000000        0x0 c:/program files (x86)/atmel/studio/7.0/toolchain/avr8/avr8-gnu-toolchain/bin/../lib/gcc/avr/5.4.0/../../../../avr/lib/avr5\libc.a(strcpy.o)
 .bss           0x00000000        0x0 c:/program files (x86)/atmel/studio/7.0/toolchain/avr8/avr8-gnu-toolchain/bin/../lib/gcc/avr/5.4.0/../../../../avr/lib/avr5\libc.a(strcpy.o)
 .text          0x00000000        0x0 c:/program files (x86)/atmel/studio/7.0/toolchain/avr8/avr8-gnu-toolchain/bin/../lib/gcc/avr/5.4.0/../../../../avr/lib/avr5\libc.a(strnlen.o)
 .data          0x00000000        0x0 c:/program files (x86)/atmel/studio/7.0/toolchain/avr8/avr8-gnu-toolchain/bin/../lib/gcc/avr/5.4.0/../../../../avr/lib/avr5\libc.a(strnlen.o)
 .bss           0x00000000        0x0 c:/program files (x86)/atmel/studio/7.0/toolchain/avr8/avr8-gnu-toolchain/bin/../lib/gcc/avr/5.4.0/../../../../avr/lib/avr5\libc.a(strnlen.o)
 .text          0x00000000        0x0 c:/program files (x86)/atmel/studio/7.0/toolchain/avr8/avr8-gnu-toolchain/bin/../lib/gcc/avr/5.4.0/../../../../avr/lib/avr5\libc.a(strstr.o)
 .data          0x00000000        0x0 c:/program files (x86)/atmel/studio/7.0/toolchain/avr8/avr8-gnu-toolchain/bin/../lib/gcc/avr/5.4.0/../../../../avr/lib/avr5\libc.a(strstr.o)
 .bss           0x00000000        0x0 c:/program files (x86)/atmel/studio/7.0/toolchain/avr8/avr8-gnu-toolchain/bin/../lib/gcc/avr/5.4.0/../../../../avr/lib/avr5\libc.a(strstr.o)
 .text          0x00000000        0x0 c:/program files (x86)/atmel/studio/7.0/toolchain/avr8/avr8-gnu-toolchain/bin/../lib/gcc/avr/5.4.0/../../../../avr/lib/avr5\libc.a(itoa_ncheck.o)
 .data          0x00000000        0x0 c:/program files (x86)/atmel/studio/7.0/toolchain/avr8/avr8-gnu-toolchain/bin/../lib/gcc/avr/5.4.0/../../../../avr/lib/avr5\libc.a(itoa_ncheck.o)
 .bss           0x00000000        0x0 c:/program files (x86)/atmel/studio/7.0/toolchain/avr8/avr8-gnu-toolchain/bin/../lib/gcc/avr/5.4.0/../../../../avr/lib/avr5\libc.a(itoa_ncheck.o)
 .text.avr-libc
                0x00000000       0x16 c:/program files (x86)/atmel/studio/7.0/toolchain/avr8/avr8-gnu-toolchain/bin/../lib/gcc/avr/5.4.0/../../../../avr/lib/avr5\libc.a(itoa_ncheck.o)
 .text          0x00000000        0x0 c:/program files (x86)/atmel/studio/7.0/toolchain/avr8/avr8-gnu-toolchain/bin/../lib/gcc/avr/5.4.0/../../../../avr/lib/avr5\libc.a(utoa_ncheck.o)
 .data          0x00000000        0x0 c:/program files (x86)/atmel/studio/7.0/toolchain/avr8/avr8-gnu-toolchain/bin/../lib/gcc/avr/5.4.0/../../../../avr/lib/avr5\libc.a(utoa_ncheck.o)
 .bss           0x00000000        0x0 c:/program files (x86)/atmel/studio/7.0/toolchain/avr8/avr8-gnu-toolchain/bin/../lib/gcc/avr/5.4.0/../../../../avr/lib/avr5\libc.a(utoa_ncheck.o)
 .text.avr-libc
                0x00000000       0x34 c:/program files (x86)/atmel/studio/7.0/toolchain/avr8/avr8-gnu-toolchain/bin/../lib/gcc/avr/5.4.0/../../../../avr/lib/avr5\libc.a(utoa_ncheck.o)
 .text          0x00000000        0x0 c:/program files (x86)/atmel/studio/7.0/toolchain/avr8/avr8-gnu-toolchain/bin/../lib/gcc/avr/5.4.0/../../../../avr/lib/avr5\libc.a(fputc.o)
 .data          0x00000000        0x0 c:/program files (x86)/atmel/studio/7.0/toolchain/avr8/avr8-gnu-toolchain/bin/../lib/gcc/avr/5.4.0/../../../../avr/lib/avr5\libc.a(fputc.o)
 .bss           0x00000000        0x0 c:/program files (x86)/atmel/studio/7.0/toolchain/avr8/avr8-gnu-toolchain/bin/../lib/gcc/avr/5.4.0/../../../../avr/lib/avr5\libc.a(fputc.o)
 .text          0x00000000        0x0 c:/program files (x86)/atmel/studio/7.0/toolchain/avr8/avr8-gnu-toolchain/bin/../lib/gcc/avr/5.4.0/../../../../avr/lib/avr5\libc.a(iob.o)
 .data          0x00000000        0x0 c:/program files (x86)/atmel/studio/7.0/toolchain/avr8/avr8-gnu-toolchain/bin/../lib/gcc/avr/5.4.0/../../../../avr/lib/avr5\libc.a(iob.o)
 .bss           0x00000000        0x0 c:/program files (x86)/atmel/studio/7.0/toolchain/avr8/avr8-gnu-toolchain/bin/../lib/gcc/avr/5.4.0/../../../../avr/lib/avr5\libc.a(iob.o)
 .text          0x00000000        0x0 c:/program files (x86)/atmel/studio/7.0/toolchain/avr8/avr8-gnu-toolchain/bin/../lib/gcc/avr/5.4.0/../../../../avr/lib/avr5\libc.a(printf_p.o)
 .data          0x00000000        0x0 c:/program files (x86)/atmel/studio/7.0/toolchain/avr8/avr8-gnu-toolchain/bin/../lib/gcc/avr/5.4.0/../../../../avr/lib/avr5\libc.a(printf_p.o)
 .bss           0x00000000        0x0 c:/program files (x86)/atmel/studio/7.0/toolchain/avr8/avr8-gnu-toolchain/bin/../lib/gcc/avr/5.4.0/../../../../avr/lib/avr5\libc.a(printf_p.o)
 .text          0x00000000        0x0 c:/program files (x86)/atmel/studio/7.0/toolchain/avr8/avr8-gnu-toolchain/bin/../lib/gcc/avr/5.4.0/../../../../avr/lib/avr5\libc.a(sprintf_p.o)
 .data          0x00000000        0x0 c:/program files (x86)/atmel/studio/7.0/toolchain/avr8/avr8-gnu-toolchain/bin/../lib/gcc/avr/5.4.0/../../../../avr/lib/avr5\libc.a(sprintf_p.o)
 .bss           0x00000000        0x0 c:/program files (x86)/atmel/studio/7.0/toolchain/avr8/avr8-gnu-toolchain/bin/../lib/gcc/avr/5.4.0/../../../../avr/lib/avr5\libc.a(sprintf_p.o)
 .text          0x00000000        0x0 c:/program files (x86)/atmel/studio/7.0/toolchain/avr8/avr8-gnu-toolchain/bin/../lib/gcc/avr/5.4.0/../../../../avr/lib/avr5\libc.a(vfprintf_p.o)
 .data          0x00000000        0x0 c:/program files (x86)/atmel/studio/7.0/toolchain/avr8/avr8-gnu-toolchain/bin/../lib/gcc/avr/5.4.0/../../../../avr/lib/avr5\libc.a(vfprintf_p.o)
 .bss           0x00000000        0x0 c:/program files (x86)/atmel/studio/7.0/toolchain/avr8/avr8-gnu-toolchain/bin/../lib/gcc/avr/5.4.0/../../../../avr/lib/avr5\libc.a(vfprintf_p.o)
 .text          0x00000000        0x0 c:/program files (x86)/atmel/studio/7.0/toolchain/avr8/avr8-gnu-toolchain/bin/../lib/gcc/avr/5.4.0/../../../../avr/lib/avr5\libc.a(ultoa_invert.o)
 .data          0x00000000        0x0 c:/program files (x86)/atmel/studio/7.0/toolchain/avr8/avr8-gnu-toolchain/bin/../lib/gcc/avr/5.4.0/../../../../avr/lib/avr5\libc.a(ultoa_invert.o)
 .bss           0x00000000        0x0 c:/program files (x86)/atmel/studio/7.0/toolchain/avr8/avr8-gnu-toolchain/bin/../lib/gcc/avr/5.4.0/../../../../avr/lib/avr5\libc.a(ultoa_invert.o)
 .text          0x00000000        0x0 c:/program files (x86)/atmel/studio/7.0/toolchain/avr8/avr8-gnu-toolchain/bin/../lib/gcc/avr/5.4.0/../../../../avr/lib/avr5\libc.a(strrev.o)
 .data          0x00000000        0x0 c:/program files (x86)/atmel/studio/7.0/toolchain/avr8/avr8-gnu-toolchain/bin/../lib/gcc/avr/5.4.0/../../../../avr/lib/avr5\libc.a(strrev.o)
 .bss           0x00000000        0x0 c:/program files (x86)/atmel/studio/7.0/toolchain/avr8/avr8-gnu-toolchain/bin/../lib/gcc/avr/5.4.0/../../../../avr/lib/avr5\libc.a(strrev.o)
 .text.avr-libc
                0x00000000       0x20 c:/program files (x86)/atmel/studio/7.0/toolchain/avr8/avr8-gnu-toolchain/bin/../lib/gcc/avr/5.4.0/../../../../avr/lib/avr5\libc.a(strrev.o)
 .text          0x00000000        0x0 C:/Program Files (x86)/Atmel/Studio/7.0/Packs/atmel/ATmega_DFP/1.2.209/gcc/dev/atmega644pa/avr5\libatmega644pa.a(eerd_block.o)
 .data          0x00000000        0x0 C:/Program Files (x86)/Atmel/Studio/7.0/Packs/atmel/ATmega_DFP/1.2.209/gcc/dev/atmega644pa/avr5\libatmega644pa.a(eerd_block.o)
 .bss           0x00000000        0x0 C:/Program Files (x86)/Atmel/Studio/7.0/Packs/atmel/ATmega_DFP/1.2.209/gcc/dev/atmega644pa/avr5\libatmega644pa.a(eerd_block.o)
 .text          0x00000000        0x0 C:/Program Files (x86)/Atmel/Studio/7.0/Packs/atmel/ATmega_DFP/1.2.209/gcc/dev/atmega644pa/avr5\libatmega644pa.a(eewr_block.o)
 .data          0x00000000        0x0 C:/Program Files (x86)/Atmel/Studio/7.0/Packs/atmel/ATmega_DFP/1.2.209/gcc/dev/atmega644pa/avr5\libatmega644pa.a(eewr_block.o)
 .bss           0x00000000        0x0 C:/Program Files (x86)/Atmel/Studio/7.0/Packs/atmel/ATmega_DFP/1.2.209/gcc/dev/atmega644pa/avr5\libatmega644pa.a(eewr_block.o)
 .text          0x00000000        0x0 C:/Program Files (x86)/Atmel/Studio/7.0/Packs/atmel/ATmega_DFP/1.2.209/gcc/dev/atmega644pa/avr5\libatmega644pa.a(eewr_byte.o)
 .data          0x00000000        0x0 C:/Program Files (x86)/Atmel/Studio/7.0/Packs/atmel/ATmega_DFP/1.2.209/gcc/dev/atmega644pa/avr5\libatmega644pa.a(eewr_byte.o)
 .bss           0x00000000        0x0 C:/Program Files (x86)/Atmel/Studio/7.0/Packs/atmel/ATmega_DFP/1.2.209/gcc/dev/atmega644pa/avr5\libatmega644pa.a(eewr_byte.o)

Memory Configuration

Name             Origin             Length             Attributes
text             0x00000000         0x00020000         xr
data             0x00800060         0x0000ffa0         rw !x
eeprom           0x00810000         0x00010000         rw !x
fuse             0x00820000         0x00000003         rw !x
lock             0x00830000         0x00000400         rw !x
signature        0x00840000         0x00000400         rw !x
user_signatures  0x00850000         0x00000400         rw !x
*default*        0x00000000         0xffffffff

Linker script and memory map

Address of section .data set to 0x800100
LOAD C:/Program Files (x86)/Atmel/Studio/7.0/Packs/atmel/ATmega_DFP/1.2.209/gcc/dev/atmega644pa/avr5/crtatmega644pa.o
LOAD fsm.o
LOAD main.o
LOAD maze.o
START GROUP
LOAD c:/program files (x86)/atmel/studio/7.0/toolchain/avr8/avr8-gnu-toolchain/bin/../lib/gcc/avr/5.4.0/../../../../avr/lib/avr5\libm.a
LOAD ../../01 System/Debug\libsystem.a
END GROUP
LOAD c:/program files (x86)/atmel/studio/7.0/toolchain/avr8/avr8-gnu-toolchain/bin/../lib/gcc/avr/5.4.0/../../../../avr/lib/avr5\libprintf_flt.a
START GROUP
LOAD c:/program files (x86)/atmel/studio/7.0/toolchain/avr8/avr8-gnu-toolchain/bin/../lib/gcc/avr/5.4.0/avr5\libgcc.a
LOAD c:/program files (x86)/atmel/studio/7.0/toolchain/avr8/avr8-gnu-toolchain/bin/../lib/gcc/avr/5.4.0/../../../../avr/lib/avr5\libm.a
LOAD c:/program files (x86)/atmel/studio/7.0/toolchain/avr8/avr8-gnu-toolchain/bin/../lib/gcc/avr/5.4.0/../../../../avr/lib/avr5\libc.a
LOAD C:/Program Files (x86)/Atmel/Studio/7.0/Packs/atmel/ATmega_DFP/1.2.209/gcc/dev/atmega644pa/avr5\libatmega644pa.a
END GROUP
                0x00020000                __TEXT_REGION_LENGTH__ = DEFINED (__TEXT_REGION_LENGTH__)?__TEXT_REGION_LENGTH__:0x20000
                0x0000ffa0                __DATA_REGION_LENGTH__ = DEFINED (__DATA_REGION_LENGTH__)?__DATA_REGION_LENGTH__:0xffa0
                0x00010000                __EEPROM_REGION_LENGTH__ = DEFINED (__EEPROM_REGION_LENGTH__)?__EEPROM_REGION_LENGTH__:0x10000
                [0x00000003]                __FUSE_REGION_LENGTH__ = DEFINED (__FUSE_REGION_LENGTH__)?__FUSE_REGION_LENGTH__:0x400
                0x00000400                __LOCK_REGION_LENGTH__ = DEFINED (__LOCK_REGION_LENGTH__)?__LOCK_REGION_LENGTH__:0x400
                0x00000400                __SIGNATURE_REGION_LENGTH__ = DEFINED (__SIGNATURE_REGION_LENGTH__)?__SIGNATURE_REGION_LENGTH__:0x400
                0x00000400                __USER_SIGNATURE_REGION_LENGTH__ = DEFINED (__USER_SIGNATURE_REGION_LENGTH__)?__USER_SIGNATURE_REGION_LENGTH__:0x400

.hash
 *(.hash)

.dynsym
 *(.dynsym)

.dynstr
 *(.dynstr)

.gnu.version
 *(.gnu.version)

.gnu.version_d
 *(.gnu.version_d)

.gnu.version_r
 *(.gnu.version_r)

.rel.init
 *(.rel.init)

.rela.init
 *(.rela.init)

.rel.text
 *(.rel.text)
 *(.rel.text.*)
 *(.rel.gnu.linkonce.t*)

.rela.text
 *(.rela.text)
 *(.rela.text.*)
 *(.rela.gnu.linkonce.t*)

.rel.fini
 *(.rel.fini)

.rela.fini
 *(.rela.fini)

.rel.rodata
 *(.rel.rodata)
 *(.rel.rodata.*)
 *(.rel.gnu.linkonce.r*)

.rela.rodata
 *(.rela.rodata)
 *(.rela.rodata.*)
 *(.rela.gnu.linkonce.r*)

.rel.data
 *(.rel.data)
 *(.rel.data.*)
 *(.rel.gnu.linkonce.d*)

.rela.data
 *(.rela.data)
 *(.rela.data.*)
 *(.rela.gnu.linkonce.d*)

.rel.ctors
 *(.rel.ctors)

.rela.ctors
 *(.rela.ctors)

.rel.dtors
 *(.rel.dtors)

.rela.dtors
 *(.rela.dtors)

.rel.got
 *(.rel.got)

.rela.got
 *(.rela.got)

.rel.bss
 *(.rel.bss)

.rela.bss
 *(.rela.bss)

.rel.plt
 *(.rel.plt)

.rela.plt
 *(.rela.plt)

.text           0x00000000     0x330e
 *(.vectors)
 .vectors       0x00000000       0x7c C:/Program Files (x86)/Atmel/Studio/7.0/Packs/atmel/ATmega_DFP/1.2.209/gcc/dev/atmega644pa/avr5/crtatmega644pa.o
                0x00000000                __vector_default
                0x00000000                __vectors
 *(.vectors)
 *(.progmem.gcc*)
 .progmem.gcc_sw_table.printIntersection
                0x0000007c       0x10 maze.o
 .progmem.gcc_sw_table.mazeSearch
                0x0000008c       0x10 maze.o
                0x0000009c                . = ALIGN (0x2)
                0x0000009c                __trampolines_start = .
 *(.trampolines)
 .trampolines   0x0000009c        0x0 linker stubs
 *(.trampolines*)
                0x0000009c                __trampolines_end = .
 *libprintf_flt.a:*(.progmem.data)
 .progmem.data  0x0000009c        0x8 c:/program files (x86)/atmel/studio/7.0/toolchain/avr8/avr8-gnu-toolchain/bin/../lib/gcc/avr/5.4.0/../../../../avr/lib/avr5\libprintf_flt.a(vfprintf_flt.o)
 *libc.a:*(.progmem.data)
 .progmem.data  0x000000a4       0xfa c:/program files (x86)/atmel/studio/7.0/toolchain/avr8/avr8-gnu-toolchain/bin/../lib/gcc/avr/5.4.0/../../../../avr/lib/avr5\libc.a(ftoa_engine.o)
 *(.progmem*)
 .progmem.data.__c.2724
                0x0000019e        0x8 fsm.o
 .progmem.data.__c.2722
                0x000001a6        0xe fsm.o
 .progmem.data.__c.2719
                0x000001b4       0x12 fsm.o
 .progmem.data.__c.2716
                0x000001c6       0x19 fsm.o
 .progmem.data.__c.2712
                0x000001df       0x3a fsm.o
 .progmem.data.__c.2709
                0x00000219       0x10 fsm.o
 .progmem.data.__c.2697
                0x00000229       0x31 fsm.o
 .progmem.data.__c.2695
                0x0000025a        0x9 fsm.o
 .progmem.data.__c.2693
                0x00000263       0x34 fsm.o
 .progmem.data.__c.2691
                0x00000297       0x2a fsm.o
 .progmem.data.__c.2689
                0x000002c1        0x9 fsm.o
 .progmem.data.__c.2687
                0x000002ca       0x14 fsm.o
 .progmem.data.__c.2685
                0x000002de       0x11 fsm.o
 .progmem.data.__c.2683
                0x000002ef       0x32 fsm.o
 .progmem.data.__c.2668
                0x00000321       0x11 fsm.o
 .progmem.data.__c.2663
                0x00000332       0x1e fsm.o
 .progmem.data.__c.2632
                0x00000350        0xf fsm.o
 .progmem.data.__c.2627
                0x0000035f       0x12 fsm.o
 .progmem.data.__c.2619
                0x00000371        0xf fsm.o
 .progmem.data.__c.2613
                0x00000380       0x19 fsm.o
 .progmem.data.__c.2608
                0x00000399       0x14 fsm.o
 .progmem.data.__c.2603
                0x000003ad       0x17 fsm.o
 .progmem.data.__c.2597
                0x000003c4       0x3f fsm.o
 .progmem.data.__c.2595
                0x00000403        0xd fsm.o
 .progmem.data.__c.2593
                0x00000410       0x2a fsm.o
 .progmem.data.__c.2591
                0x0000043a       0x19 fsm.o
 .progmem.data.__c.2525
                0x00000453        0x8 maze.o
 .progmem.data.__c.2522
                0x0000045b        0xf maze.o
 .progmem.data.__c.2519
                0x0000046a        0xe maze.o
 .progmem.data.__c.2516
                0x00000478        0x6 maze.o
 .progmem.data.__c.2513
                0x0000047e        0x6 maze.o
 .progmem.data.__c.2510
                0x00000484        0x5 maze.o
 .progmem.data.__c.2507
                0x00000489        0x9 maze.o
 .progmem.data.__c.2504
                0x00000492        0x7 maze.o
 .progmem.data.__c.2500
                0x00000499        0x9 maze.o
 .progmem.data.optimize8
                0x000004a2        0x4 maze.o
                0x000004a2                optimize8
 .progmem.data.optimize7
                0x000004a6        0x4 maze.o
                0x000004a6                optimize7
 .progmem.data.optimize6
                0x000004aa        0x4 maze.o
                0x000004aa                optimize6
 .progmem.data.optimize5
                0x000004ae        0x4 maze.o
                0x000004ae                optimize5
 .progmem.data.optimize4
                0x000004b2        0x4 maze.o
                0x000004b2                optimize4
 .progmem.data.optimize3
                0x000004b6        0x4 maze.o
                0x000004b6                optimize3
 .progmem.data.optimize2
                0x000004ba        0x4 maze.o
                0x000004ba                optimize2
 .progmem.data.optimize1
                0x000004be        0x4 maze.o
                0x000004be                optimize1
 .progmem.data.__c.2643
                0x000004c2        0x7 ../../01 System/Debug\libsystem.a(line_sensors.o)
 .progmem.data.__c.2640
                0x000004c9       0x12 ../../01 System/Debug\libsystem.a(line_sensors.o)
 .progmem.data.error_str
                0x000004db        0x9 ../../01 System/Debug\libsystem.a(log.o)
 .progmem.data.info_str
                0x000004e4        0x8 ../../01 System/Debug\libsystem.a(log.o)
 .progmem.data.debug_str
                0x000004ec        0x9 ../../01 System/Debug\libsystem.a(log.o)
 .progmem.data.__c.2655
                0x000004f5        0xf ../../01 System/Debug\libsystem.a(system.o)
                0x00000504                . = ALIGN (0x2)
 *(.jumptables)
 *(.jumptables*)
 *(.lowtext)
 *(.lowtext*)
                0x00000504                __ctors_start = .
 *(.ctors)
                0x00000504                __ctors_end = .
                0x00000504                __dtors_start = .
 *(.dtors)
                0x00000504                __dtors_end = .
 SORT(*)(.ctors)
 SORT(*)(.dtors)
 *(.init0)
 .init0         0x00000504        0x0 C:/Program Files (x86)/Atmel/Studio/7.0/Packs/atmel/ATmega_DFP/1.2.209/gcc/dev/atmega644pa/avr5/crtatmega644pa.o
                0x00000504                __init
 *(.init0)
 *(.init1)
 *(.init1)
 *(.init2)
 .init2         0x00000504        0xc C:/Program Files (x86)/Atmel/Studio/7.0/Packs/atmel/ATmega_DFP/1.2.209/gcc/dev/atmega644pa/avr5/crtatmega644pa.o
 *(.init2)
 *(.init3)
 *(.init3)
 *(.init4)
 .init4         0x00000510       0x16 c:/program files (x86)/atmel/studio/7.0/toolchain/avr8/avr8-gnu-toolchain/bin/../lib/gcc/avr/5.4.0/avr5\libgcc.a(_copy_data.o)
                0x00000510                __do_copy_data
 .init4         0x00000526       0x10 c:/program files (x86)/atmel/studio/7.0/toolchain/avr8/avr8-gnu-toolchain/bin/../lib/gcc/avr/5.4.0/avr5\libgcc.a(_clear_bss.o)
                0x00000526                __do_clear_bss
 *(.init4)
 *(.init5)
 *(.init5)
 *(.init6)
 *(.init6)
 *(.init7)
 *(.init7)
 *(.init8)
 *(.init8)
 *(.init9)
 .init9         0x00000536        0x8 C:/Program Files (x86)/Atmel/Studio/7.0/Packs/atmel/ATmega_DFP/1.2.209/gcc/dev/atmega644pa/avr5/crtatmega644pa.o
 *(.init9)
 *(.text)
 .text          0x0000053e        0x4 C:/Program Files (x86)/Atmel/Studio/7.0/Packs/atmel/ATmega_DFP/1.2.209/gcc/dev/atmega644pa/avr5/crtatmega644pa.o
                0x0000053e                __vector_22
                0x0000053e                __vector_24
                0x0000053e                __vector_12
                0x0000053e                __bad_interrupt
                0x0000053e                __vector_6
                0x0000053e                __vector_3
                0x0000053e                __vector_23
                0x0000053e                __vector_30
                0x0000053e                __vector_25
                0x0000053e                __vector_11
                0x0000053e                __vector_13
                0x0000053e                __vector_17
                0x0000053e                __vector_19
                0x0000053e                __vector_7
                0x0000053e                __vector_27
                0x0000053e                __vector_5
                0x0000053e                __vector_4
                0x0000053e                __vector_9
                0x0000053e                __vector_15
                0x0000053e                __vector_8
                0x0000053e                __vector_26
                0x0000053e                __vector_14
                0x0000053e                __vector_10
                0x0000053e                __vector_18
                0x00000542                . = ALIGN (0x2)
 *(.text.*)
 .text.do_state_reset
                0x00000542       0x24 fsm.o
                0x00000542                do_state_reset
 .text.out_state_control
                0x00000566       0x26 fsm.o
                0x00000566                out_state_control
 .text.in_state_stop
                0x0000058c       0x2a fsm.o
                0x0000058c                in_state_stop
 .text.in_state_begin
                0x000005b6       0xb2 fsm.o
                0x000005b6                in_state_begin
 .text.out_state_begin
                0x00000668       0x22 fsm.o
                0x00000668                out_state_begin
 .text.out_state_stop
                0x0000068a       0x1e fsm.o
                0x0000068a                out_state_stop
 .text.out_state_turn
                0x000006a8       0x18 fsm.o
                0x000006a8                out_state_turn
 .text.out_state_finish
                0x000006c0       0x14 fsm.o
                0x000006c0                out_state_finish
 .text.do_state_turn
                0x000006d4       0x70 fsm.o
                0x000006d4                do_state_turn
 .text.do_state_finish
                0x00000744       0x68 fsm.o
                0x00000744                do_state_finish
 .text.do_state_error
                0x000007ac       0x22 fsm.o
                0x000007ac                do_state_error
 .text.do_state_begin
                0x000007ce       0x7e fsm.o
                0x000007ce                do_state_begin
 .text.out_state_debug
                0x0000084c       0x48 fsm.o
                0x0000084c                out_state_debug
 .text.out_state_drive
                0x00000894       0x2a fsm.o
                0x00000894                out_state_drive
 .text.in_state_debug
                0x000008be       0xa6 fsm.o
                0x000008be                in_state_debug
 .text.in_state_drive
                0x00000964       0x66 fsm.o
                0x00000964                in_state_drive
 .text.do_state_drive
                0x000009ca       0xfe fsm.o
                0x000009ca                do_state_drive
 .text.do_state_stop
                0x00000ac8       0x68 fsm.o
                0x00000ac8                do_state_stop
 .text.do_state_debug
                0x00000b30      0x184 fsm.o
                0x00000b30                do_state_debug
 .text.do_state_control
                0x00000cb4      0x13c fsm.o
                0x00000cb4                do_state_control
 .text.in_state_turn
                0x00000df0       0x64 fsm.o
                0x00000df0                in_state_turn
 .text.in_state_finish
                0x00000e54       0xfc fsm.o
                0x00000e54                in_state_finish
 .text.in_state_error
                0x00000f50       0xae fsm.o
                0x00000f50                in_state_error
 .text.run_state
                0x00000ffe       0x74 fsm.o
                0x00000ffe                run_state
 .text.fsm_task
                0x00001072       0x12 fsm.o
                0x00001072                fsm_task
 .text.main     0x00001084       0x32 main.o
                0x00001084                main
 .text.dezToBin
                0x000010b6       0x4c maze.o
                0x000010b6                dezToBin
 .text.patternRead
                0x00001102       0x30 maze.o
                0x00001102                patternRead
 .text.validateIntersection
                0x00001132       0x50 maze.o
                0x00001132                validateIntersection
 .text.printIntersection
                0x00001182      0x110 maze.o
                0x00001182                printIntersection
 .text.mazeSearch
                0x00001292       0x36 maze.o
                0x00001292                mazeSearch
 .text.replaceString
                0x000012c8       0x8a maze.o
                0x000012c8                replaceString
 .text.mazeOptimize
                0x00001352      0x13a maze.o
                0x00001352                mazeOptimize
 .text.pathCompare
                0x0000148c       0x52 maze.o
                0x0000148c                pathCompare
 .text.encoderInit
                0x000014de       0x12 ../../01 System/Debug\libsystem.a(encoder.o)
                0x000014de                encoderInit
 .text.encoderReset
                0x000014f0       0x12 ../../01 System/Debug\libsystem.a(encoder.o)
                0x000014f0                encoderReset
 .text.__vector_1
                0x00001502       0x58 ../../01 System/Debug\libsystem.a(encoder.o)
                0x00001502                __vector_1
 .text.__vector_2
                0x0000155a       0x58 ../../01 System/Debug\libsystem.a(encoder.o)
                0x0000155a                __vector_2
 .text.lineRead
                0x000015b2       0x8a ../../01 System/Debug\libsystem.a(line_sensors.o)
                0x000015b2                lineRead
 .text.followTrack
                0x0000163c       0x1a ../../01 System/Debug\libsystem.a(line_sensors.o)
                0x0000163c                followTrack
 .text.lineInit
                0x00001656       0x26 ../../01 System/Debug\libsystem.a(line_sensors.o)
                0x00001656                lineInit
 .text.calib_rotate
                0x0000167c       0x60 ../../01 System/Debug\libsystem.a(line_sensors.o)
                0x0000167c                calib_rotate
 .text.calibrateSensors
                0x000016dc      0x2d2 ../../01 System/Debug\libsystem.a(line_sensors.o)
                0x000016dc                calibrateSensors
 .text._log_Debug
                0x000019ae       0x4a ../../01 System/Debug\libsystem.a(log.o)
                0x000019ae                _log_Debug
 .text._log_Info
                0x000019f8       0x4a ../../01 System/Debug\libsystem.a(log.o)
                0x000019f8                _log_Info
 .text._log_Error
                0x00001a42       0x4a ../../01 System/Debug\libsystem.a(log.o)
                0x00001a42                _log_Error
 .text.motorDirection
                0x00001a8c       0x78 ../../01 System/Debug\libsystem.a(motor.o)
                0x00001a8c                motorDirection
 .text.motor_speed
                0x00001b04       0x72 ../../01 System/Debug\libsystem.a(motor.o)
                0x00001b04                motor_speed
 .text.rotate   0x00001b76       0xf4 ../../01 System/Debug\libsystem.a(motor.o)
                0x00001b76                rotate
 .text.motorInit
                0x00001c6a       0x2c ../../01 System/Debug\libsystem.a(motor.o)
                0x00001c6a                motorInit
 .text.pid_Init
                0x00001c96       0x56 ../../01 System/Debug\libsystem.a(pid.o)
                0x00001c96                pid_Init
 .text.pid_Controller
                0x00001cec      0x15c ../../01 System/Debug\libsystem.a(pid.o)
                0x00001cec                pid_Controller
 .text.pid_Reset_Integrator
                0x00001e48        0xc ../../01 System/Debug\libsystem.a(pid.o)
                0x00001e48                pid_Reset_Integrator
 .text.schedulerAddTask
                0x00001e54       0x6e ../../01 System/Debug\libsystem.a(scheduler51.o)
                0x00001e54                schedulerAddTask
 .text.schedulerDeleteTask
                0x00001ec2       0x56 ../../01 System/Debug\libsystem.a(scheduler51.o)
                0x00001ec2                schedulerDeleteTask
 .text.scheduler_Init
                0x00001f18       0x18 ../../01 System/Debug\libsystem.a(scheduler51.o)
                0x00001f18                scheduler_Init
 .text.schedulerDispatchTasks
                0x00001f30       0x3c ../../01 System/Debug\libsystem.a(scheduler51.o)
                0x00001f30                schedulerDispatchTasks
 .text.schedulerUpdate
                0x00001f6c       0x3e ../../01 System/Debug\libsystem.a(scheduler51.o)
                0x00001f6c                schedulerUpdate
 .text.battery_update_DUMMY
                0x00001faa        0x2 ../../01 System/Debug\libsystem.a(system.o)
                0x00001faa                battery_update_DUMMY
 .text.com_update_DUMMY
                0x00001fac        0x2 ../../01 System/Debug\libsystem.a(system.o)
                0x00001fac                com_update_DUMMY
 .text.drive_update_DUMMY
                0x00001fae        0x2 ../../01 System/Debug\libsystem.a(system.o)
                0x00001fae                drive_update_DUMMY
 .text.adc_Read
                0x00001fb0       0x28 ../../01 System/Debug\libsystem.a(system.o)
                0x00001fb0                adc_Read
 .text.batt_voltage
                0x00001fd8       0x36 ../../01 System/Debug\libsystem.a(system.o)
                0x00001fd8                batt_voltage
 .text.setStatusLED
                0x0000200e       0x22 ../../01 System/Debug\libsystem.a(system.o)
                0x0000200e                setStatusLED
 .text.enableDevice
                0x00002030       0x3c ../../01 System/Debug\libsystem.a(system.o)
                0x00002030                enableDevice
 .text.disableDevice
                0x0000206c       0x3c ../../01 System/Debug\libsystem.a(system.o)
                0x0000206c                disableDevice
 .text.taskBattery
                0x000020a8       0xca ../../01 System/Debug\libsystem.a(system.o)
                0x000020a8                taskBattery
 .text.taskComunication
                0x00002172        0xc ../../01 System/Debug\libsystem.a(system.o)
                0x00002172                taskComunication
 .text.taskDrive
                0x0000217e       0x4c ../../01 System/Debug\libsystem.a(system.o)
                0x0000217e                taskDrive
 .text.taskSystem
                0x000021ca        0xe ../../01 System/Debug\libsystem.a(system.o)
                0x000021ca                taskSystem
 .text.systemInit
                0x000021d8       0xb2 ../../01 System/Debug\libsystem.a(system.o)
                0x000021d8                systemInit
 .text.__vector_16
                0x0000228a      0x112 ../../01 System/Debug\libsystem.a(system.o)
                0x0000228a                __vector_16
 .text.setStopwatch
                0x0000239c       0x8a ../../01 System/Debug\libsystem.a(timer.o)
                0x0000239c                setStopwatch
 .text.getStopwatch
                0x00002426       0x84 ../../01 System/Debug\libsystem.a(timer.o)
                0x00002426                getStopwatch
 .text.__vector_20
                0x000024aa       0x5c ../../01 System/Debug\libsystem.a(uart.o)
                0x000024aa                __vector_20
 .text.__vector_21
                0x00002506       0x54 ../../01 System/Debug\libsystem.a(uart.o)
                0x00002506                __vector_21
 .text.uart_init
                0x0000255a       0x32 ../../01 System/Debug\libsystem.a(uart.o)
                0x0000255a                uart_init
 .text.uart_putc
                0x0000258c       0x2a ../../01 System/Debug\libsystem.a(uart.o)
                0x0000258c                uart_putc
 .text.uart_puts_p
                0x000025b6       0x24 ../../01 System/Debug\libsystem.a(uart.o)
                0x000025b6                uart_puts_p
 .text.__vector_28
                0x000025da       0x5c ../../01 System/Debug\libsystem.a(uart.o)
                0x000025da                __vector_28
 .text.__vector_29
                0x00002636       0x54 ../../01 System/Debug\libsystem.a(uart.o)
                0x00002636                __vector_29
 .text.avr-libc
                0x0000268a      0x6fa c:/program files (x86)/atmel/studio/7.0/toolchain/avr8/avr8-gnu-toolchain/bin/../lib/gcc/avr/5.4.0/../../../../avr/lib/avr5\libprintf_flt.a(vfprintf_flt.o)
                0x0000268a                vfprintf
 .text.libgcc.div
                0x00002d84       0x28 c:/program files (x86)/atmel/studio/7.0/toolchain/avr8/avr8-gnu-toolchain/bin/../lib/gcc/avr/5.4.0/avr5\libgcc.a(_divmodhi4.o)
                0x00002d84                _div
                0x00002d84                __divmodhi4
 .text.libgcc   0x00002dac        0xc c:/program files (x86)/atmel/studio/7.0/toolchain/avr8/avr8-gnu-toolchain/bin/../lib/gcc/avr/5.4.0/avr5\libgcc.a(_tablejump2.o)
                0x00002dac                __tablejump2__
 .text.libgcc.mul
                0x00002db8       0x1e c:/program files (x86)/atmel/studio/7.0/toolchain/avr8/avr8-gnu-toolchain/bin/../lib/gcc/avr/5.4.0/avr5\libgcc.a(_umulhisi3.o)
                0x00002db8                __umulhisi3
 .text.libgcc.mul
                0x00002dd6       0x16 c:/program files (x86)/atmel/studio/7.0/toolchain/avr8/avr8-gnu-toolchain/bin/../lib/gcc/avr/5.4.0/avr5\libgcc.a(_muluhisi3.o)
                0x00002dd6                __muluhisi3
 .text.libgcc.mul
                0x00002dec       0x10 c:/program files (x86)/atmel/studio/7.0/toolchain/avr8/avr8-gnu-toolchain/bin/../lib/gcc/avr/5.4.0/avr5\libgcc.a(_mulshisi3.o)
                0x00002dec                __mulshisi3
                0x00002df2                __mulohisi3
 .text.libgcc.prologue
                0x00002dfc       0x38 c:/program files (x86)/atmel/studio/7.0/toolchain/avr8/avr8-gnu-toolchain/bin/../lib/gcc/avr/5.4.0/avr5\libgcc.a(_prologue.o)
                0x00002dfc                __prologue_saves__
 .text.libgcc.prologue
                0x00002e34       0x36 c:/program files (x86)/atmel/studio/7.0/toolchain/avr8/avr8-gnu-toolchain/bin/../lib/gcc/avr/5.4.0/avr5\libgcc.a(_epilogue.o)
                0x00002e34                __epilogue_restores__
 .text.libgcc.div
                0x00002e6a       0x28 c:/program files (x86)/atmel/studio/7.0/toolchain/avr8/avr8-gnu-toolchain/bin/../lib/gcc/avr/5.4.0/avr5\libgcc.a(_udivmodhi4.o)
                0x00002e6a                __udivmodhi4
 .text.avr-libc
                0x00002e92      0x1b0 c:/program files (x86)/atmel/studio/7.0/toolchain/avr8/avr8-gnu-toolchain/bin/../lib/gcc/avr/5.4.0/../../../../avr/lib/avr5\libc.a(ftoa_engine.o)
                0x00002e92                __ftoa_engine
 .text.avr-libc
                0x00003042       0x12 c:/program files (x86)/atmel/studio/7.0/toolchain/avr8/avr8-gnu-toolchain/bin/../lib/gcc/avr/5.4.0/../../../../avr/lib/avr5\libc.a(memcpy_P.o)
                0x00003042                memcpy_P
 .text.avr-libc
                0x00003054       0x16 c:/program files (x86)/atmel/studio/7.0/toolchain/avr8/avr8-gnu-toolchain/bin/../lib/gcc/avr/5.4.0/../../../../avr/lib/avr5\libc.a(strnlen_P.o)
                0x00003054                strnlen_P
 .text.avr-libc
                0x0000306a       0x16 c:/program files (x86)/atmel/studio/7.0/toolchain/avr8/avr8-gnu-toolchain/bin/../lib/gcc/avr/5.4.0/../../../../avr/lib/avr5\libc.a(strcat.o)
                0x0000306a                strcat
 .text.avr-libc
                0x00003080        0xe c:/program files (x86)/atmel/studio/7.0/toolchain/avr8/avr8-gnu-toolchain/bin/../lib/gcc/avr/5.4.0/../../../../avr/lib/avr5\libc.a(strcpy.o)
                0x00003080                strcpy
 .text.avr-libc
                0x0000308e       0x16 c:/program files (x86)/atmel/studio/7.0/toolchain/avr8/avr8-gnu-toolchain/bin/../lib/gcc/avr/5.4.0/../../../../avr/lib/avr5\libc.a(strnlen.o)
                0x0000308e                strnlen
 .text.avr-libc
                0x000030a4       0x34 c:/program files (x86)/atmel/studio/7.0/toolchain/avr8/avr8-gnu-toolchain/bin/../lib/gcc/avr/5.4.0/../../../../avr/lib/avr5\libc.a(strstr.o)
                0x000030a4                strstr
 .text.avr-libc
                0x000030d8       0x78 c:/program files (x86)/atmel/studio/7.0/toolchain/avr8/avr8-gnu-toolchain/bin/../lib/gcc/avr/5.4.0/../../../../avr/lib/avr5\libc.a(fputc.o)
                0x000030d8                fputc
 .text.avr-libc
                0x00003150       0x4c c:/program files (x86)/atmel/studio/7.0/toolchain/avr8/avr8-gnu-toolchain/bin/../lib/gcc/avr/5.4.0/../../../../avr/lib/avr5\libc.a(printf_p.o)
                0x00003150                printf_P
 .text.avr-libc
                0x0000319c       0x44 c:/program files (x86)/atmel/studio/7.0/toolchain/avr8/avr8-gnu-toolchain/bin/../lib/gcc/avr/5.4.0/../../../../avr/lib/avr5\libc.a(sprintf_p.o)
                0x0000319c                sprintf_P
 .text.avr-libc
                0x000031e0       0x1e c:/program files (x86)/atmel/studio/7.0/toolchain/avr8/avr8-gnu-toolchain/bin/../lib/gcc/avr/5.4.0/../../../../avr/lib/avr5\libc.a(vfprintf_p.o)
                0x000031e0                vfprintf_P
 .text.avr-libc
                0x000031fe       0xbc c:/program files (x86)/atmel/studio/7.0/toolchain/avr8/avr8-gnu-toolchain/bin/../lib/gcc/avr/5.4.0/../../../../avr/lib/avr5\libc.a(ultoa_invert.o)
                0x000031fe                __ultoa_invert
 .text.avr-libc
                0x000032ba       0x20 C:/Program Files (x86)/Atmel/Studio/7.0/Packs/atmel/ATmega_DFP/1.2.209/gcc/dev/atmega644pa/avr5\libatmega644pa.a(eerd_block.o)
                0x000032ba                eeprom_read_block
                0x000032be                eeprom_read_blraw
 .text.avr-libc
                0x000032da       0x14 C:/Program Files (x86)/Atmel/Studio/7.0/Packs/atmel/ATmega_DFP/1.2.209/gcc/dev/atmega644pa/avr5\libatmega644pa.a(eewr_block.o)
                0x000032da                eeprom_write_block
 .text.avr-libc
                0x000032ee       0x1c C:/Program Files (x86)/Atmel/Studio/7.0/Packs/atmel/ATmega_DFP/1.2.209/gcc/dev/atmega644pa/avr5\libatmega644pa.a(eewr_byte.o)
                0x000032ee                eeprom_write_byte
                0x000032f0                eeprom_write_r18
                0x0000330a                . = ALIGN (0x2)
 *(.fini9)
 .fini9         0x0000330a        0x0 c:/program files (x86)/atmel/studio/7.0/toolchain/avr8/avr8-gnu-toolchain/bin/../lib/gcc/avr/5.4.0/avr5\libgcc.a(_exit.o)
                0x0000330a                _exit
                0x0000330a                exit
 *(.fini9)
 *(.fini8)
 *(.fini8)
 *(.fini7)
 *(.fini7)
 *(.fini6)
 *(.fini6)
 *(.fini5)
 *(.fini5)
 *(.fini4)
 *(.fini4)
 *(.fini3)
 *(.fini3)
 *(.fini2)
 *(.fini2)
 *(.fini1)
 *(.fini1)
 *(.fini0)
 .fini0         0x0000330a        0x4 c:/program files (x86)/atmel/studio/7.0/toolchain/avr8/avr8-gnu-toolchain/bin/../lib/gcc/avr/5.4.0/avr5\libgcc.a(_exit.o)
 *(.fini0)
                0x0000330e                _etext = .

.data           0x00800100       0x4a load address 0x0000330e
                0x00800100                PROVIDE (__data_start, .)
 *(.data)
 *(.data*)
 .data.mystdout.2695
                0x00800100        0xe ../../01 System/Debug\libsystem.a(system.o)
 .data.drive_stateChangedHandler
                0x0080010e        0x2 ../../01 System/Debug\libsystem.a(system.o)
 .data.com_stateChangedHandler
                0x00800110        0x2 ../../01 System/Debug\libsystem.a(system.o)
 .data.battery_stateChangedHandler
                0x00800112        0x2 ../../01 System/Debug\libsystem.a(system.o)
 *(.gnu.linkonce.d*)
 *(.rodata)
 *(.rodata*)
 .rodata.action_table
                0x00800114       0x24 fsm.o
                0x00800114                action_table
 .rodata.state_table
                0x00800138       0x12 fsm.o
                0x00800138                state_table
 *(.gnu.linkonce.r*)
                0x0080014a                . = ALIGN (0x2)
                0x0080014a                _edata = .
                0x0080014a                PROVIDE (__data_end, .)

.bss            0x0080014a      0x137
                0x0080014a                PROVIDE (__bss_start, .)
 *(.bss)
 *(.bss*)
 .bss.steuerungsDaten.2583
                0x0080014a        0x6 fsm.o
 .bss.steuerungsState.2584
                0x00800150        0x1 fsm.o
 .bss.UART1_LastRxError
                0x00800151        0x1 ../../01 System/Debug\libsystem.a(uart.o)
 .bss.UART1_RxTail
                0x00800152        0x1 ../../01 System/Debug\libsystem.a(uart.o)
 .bss.UART1_RxHead
                0x00800153        0x1 ../../01 System/Debug\libsystem.a(uart.o)
 .bss.UART1_TxTail
                0x00800154        0x1 ../../01 System/Debug\libsystem.a(uart.o)
 .bss.UART1_TxHead
                0x00800155        0x1 ../../01 System/Debug\libsystem.a(uart.o)
 .bss.UART1_RxBuf
                0x00800156       0x20 ../../01 System/Debug\libsystem.a(uart.o)
 .bss.UART1_TxBuf
                0x00800176       0x20 ../../01 System/Debug\libsystem.a(uart.o)
 .bss.UART_LastRxError
                0x00800196        0x1 ../../01 System/Debug\libsystem.a(uart.o)
 .bss.UART_RxTail
                0x00800197        0x1 ../../01 System/Debug\libsystem.a(uart.o)
 .bss.UART_RxHead
                0x00800198        0x1 ../../01 System/Debug\libsystem.a(uart.o)
 .bss.UART_TxTail
                0x00800199        0x1 ../../01 System/Debug\libsystem.a(uart.o)
 .bss.UART_TxHead
                0x0080019a        0x1 ../../01 System/Debug\libsystem.a(uart.o)
 .bss.UART_RxBuf
                0x0080019b       0x20 ../../01 System/Debug\libsystem.a(uart.o)
 .bss.UART_TxBuf
                0x008001bb       0x20 ../../01 System/Debug\libsystem.a(uart.o)
 *(COMMON)
 COMMON         0x008001db       0x32 fsm.o
                0x008001db                motorStatus
                0x008001ec                systemStatus
                0x008001f3                lineSensors
 COMMON         0x0080020d        0x2 main.o
                0x0080020d                taskID
 COMMON         0x0080020f       0x45 maze.o
                0x0080020f                pathIndex
                0x00800210                pidData
                0x00800222                pathMemory
 COMMON         0x00800254       0x16 ../../01 System/Debug\libsystem.a(scheduler51.o)
                0x00800254                Error_code_G
                0x00800255                schTasks_G
 COMMON         0x0080026a       0x11 ../../01 System/Debug\libsystem.a(system.o)
                0x0080026a                stopwatches
 COMMON         0x0080027b        0x6 c:/program files (x86)/atmel/studio/7.0/toolchain/avr8/avr8-gnu-toolchain/bin/../lib/gcc/avr/5.4.0/../../../../avr/lib/avr5\libc.a(iob.o)
                0x0080027b                __iob
                0x00800281                PROVIDE (__bss_end, .)
                0x0000330e                __data_load_start = LOADADDR (.data)
                0x00003358                __data_load_end = (__data_load_start + SIZEOF (.data))

.noinit         0x00800281        0x0
                [!provide]                PROVIDE (__noinit_start, .)
 *(.noinit*)
                [!provide]                PROVIDE (__noinit_end, .)
                0x00800281                _end = .
                [!provide]                PROVIDE (__heap_start, .)

.eeprom         0x00810000        0xa
 *(.eeprom*)
 .eeprom        0x00810000        0xa ../../01 System/Debug\libsystem.a(line_sensors.o)
                0x00810000                lineCalib_ee
                0x0081000a                __eeprom_end = .

.fuse
 *(.fuse)
 *(.lfuse)
 *(.hfuse)
 *(.efuse)

.lock
 *(.lock*)

.signature
 *(.signature*)

.user_signatures
 *(.user_signatures*)

.stab
 *(.stab)

.stabstr
 *(.stabstr)

.stab.excl
 *(.stab.excl)

.stab.exclstr
 *(.stab.exclstr)

.stab.index
 *(.stab.index)

.stab.indexstr
 *(.stab.indexstr)

.comment        0x00000000       0x5c
 *(.comment)
 .comment       0x00000000       0x30 fsm.o
                                 0x31 (size before relaxing)
 .comment       0x00000030       0x31 main.o
 .comment       0x00000030       0x31 maze.o
 .comment       0x00000030       0x31 ../../01 System/Debug\libsystem.a(encoder.o)
 .comment       0x00000030       0x31 ../../01 System/Debug\libsystem.a(line_sensors.o)
 .comment       0x00000030       0x31 ../../01 System/Debug\libsystem.a(log.o)
 .comment       0x00000030       0x31 ../../01 System/Debug\libsystem.a(motor.o)
 .comment       0x00000030       0x31 ../../01 System/Debug\libsystem.a(pid.o)
 .comment       0x00000030       0x31 ../../01 System/Debug\libsystem.a(scheduler51.o)
 .comment       0x00000030       0x31 ../../01 System/Debug\libsystem.a(system.o)
 .comment       0x00000030       0x31 ../../01 System/Debug\libsystem.a(timer.o)
 .comment       0x00000030       0x31 ../../01 System/Debug\libsystem.a(uart.o)
 .comment       0x00000030       0x2c c:/program files (x86)/atmel/studio/7.0/toolchain/avr8/avr8-gnu-toolchain/bin/../lib/gcc/avr/5.4.0/../../../../avr/lib/avr5\libprintf_flt.a(vfprintf_flt.o)
                                 0x2d (size before relaxing)
 .comment       0x0000005c       0x31 c:/program files (x86)/atmel/studio/7.0/toolchain/avr8/avr8-gnu-toolchain/bin/../lib/gcc/avr/5.4.0/../../../../avr/lib/avr5\libc.a(fputc.o)
 .comment       0x0000005c       0x31 c:/program files (x86)/atmel/studio/7.0/toolchain/avr8/avr8-gnu-toolchain/bin/../lib/gcc/avr/5.4.0/../../../../avr/lib/avr5\libc.a(iob.o)
 .comment       0x0000005c       0x31 c:/program files (x86)/atmel/studio/7.0/toolchain/avr8/avr8-gnu-toolchain/bin/../lib/gcc/avr/5.4.0/../../../../avr/lib/avr5\libc.a(printf_p.o)
 .comment       0x0000005c       0x31 c:/program files (x86)/atmel/studio/7.0/toolchain/avr8/avr8-gnu-toolchain/bin/../lib/gcc/avr/5.4.0/../../../../avr/lib/avr5\libc.a(sprintf_p.o)
 .comment       0x0000005c       0x31 c:/program files (x86)/atmel/studio/7.0/toolchain/avr8/avr8-gnu-toolchain/bin/../lib/gcc/avr/5.4.0/../../../../avr/lib/avr5\libc.a(vfprintf_p.o)

.note.gnu.avr.deviceinfo
                0x00000000       0x40
 .note.gnu.avr.deviceinfo
                0x00000000       0x40 C:/Program Files (x86)/Atmel/Studio/7.0/Packs/atmel/ATmega_DFP/1.2.209/gcc/dev/atmega644pa/avr5/crtatmega644pa.o

.note.gnu.build-id
 *(.note.gnu.build-id)

.debug
 *(.debug)

.line
 *(.line)

.debug_srcinfo
 *(.debug_srcinfo)

.debug_sfnames
 *(.debug_sfnames)

.debug_aranges  0x00000000      0x4a0
 *(.debug_aranges)
 .debug_aranges
                0x00000000       0xe8 fsm.o
 .debug_aranges
                0x000000e8       0x20 main.o
 .debug_aranges
                0x00000108       0x58 maze.o
 .debug_aranges
                0x00000160       0x38 ../../01 System/Debug\libsystem.a(encoder.o)
 .debug_aranges
                0x00000198       0x40 ../../01 System/Debug\libsystem.a(line_sensors.o)
 .debug_aranges
                0x000001d8       0x40 ../../01 System/Debug\libsystem.a(log.o)
 .debug_aranges
                0x00000218       0x38 ../../01 System/Debug\libsystem.a(motor.o)
 .debug_aranges
                0x00000250       0x30 ../../01 System/Debug\libsystem.a(pid.o)
 .debug_aranges
                0x00000280       0x40 ../../01 System/Debug\libsystem.a(scheduler51.o)
 .debug_aranges
                0x000002c0       0xd0 ../../01 System/Debug\libsystem.a(system.o)
 .debug_aranges
                0x00000390       0x28 ../../01 System/Debug\libsystem.a(timer.o)
 .debug_aranges
                0x000003b8       0x88 ../../01 System/Debug\libsystem.a(uart.o)
 .debug_aranges
                0x00000440       0x20 C:/Program Files (x86)/Atmel/Studio/7.0/Packs/atmel/ATmega_DFP/1.2.209/gcc/dev/atmega644pa/avr5\libatmega644pa.a(eerd_block.o)
 .debug_aranges
                0x00000460       0x20 C:/Program Files (x86)/Atmel/Studio/7.0/Packs/atmel/ATmega_DFP/1.2.209/gcc/dev/atmega644pa/avr5\libatmega644pa.a(eewr_block.o)
 .debug_aranges
                0x00000480       0x20 C:/Program Files (x86)/Atmel/Studio/7.0/Packs/atmel/ATmega_DFP/1.2.209/gcc/dev/atmega644pa/avr5\libatmega644pa.a(eewr_byte.o)

.debug_pubnames
 *(.debug_pubnames)

.debug_info     0x00000000     0x6611
 *(.debug_info .gnu.linkonce.wi.*)
 .debug_info    0x00000000      0x6cc C:/Program Files (x86)/Atmel/Studio/7.0/Packs/atmel/ATmega_DFP/1.2.209/gcc/dev/atmega644pa/avr5/crtatmega644pa.o
 .debug_info    0x000006cc     0x1741 fsm.o
 .debug_info    0x00001e0d      0x428 main.o
 .debug_info    0x00002235      0xba5 maze.o
 .debug_info    0x00002dda      0x428 ../../01 System/Debug\libsystem.a(encoder.o)
 .debug_info    0x00003202      0x984 ../../01 System/Debug\libsystem.a(line_sensors.o)
 .debug_info    0x00003b86      0x7b9 ../../01 System/Debug\libsystem.a(log.o)
 .debug_info    0x0000433f      0x642 ../../01 System/Debug\libsystem.a(motor.o)
 .debug_info    0x00004981      0x22e ../../01 System/Debug\libsystem.a(pid.o)
 .debug_info    0x00004baf      0x295 ../../01 System/Debug\libsystem.a(scheduler51.o)
 .debug_info    0x00004e44      0xded ../../01 System/Debug\libsystem.a(system.o)
 .debug_info    0x00005c31      0x265 ../../01 System/Debug\libsystem.a(timer.o)
 .debug_info    0x00005e96      0x572 ../../01 System/Debug\libsystem.a(uart.o)
 .debug_info    0x00006408       0xae C:/Program Files (x86)/Atmel/Studio/7.0/Packs/atmel/ATmega_DFP/1.2.209/gcc/dev/atmega644pa/avr5\libatmega644pa.a(eerd_block.o)
 .debug_info    0x000064b6       0xae C:/Program Files (x86)/Atmel/Studio/7.0/Packs/atmel/ATmega_DFP/1.2.209/gcc/dev/atmega644pa/avr5\libatmega644pa.a(eewr_block.o)
 .debug_info    0x00006564       0xad C:/Program Files (x86)/Atmel/Studio/7.0/Packs/atmel/ATmega_DFP/1.2.209/gcc/dev/atmega644pa/avr5\libatmega644pa.a(eewr_byte.o)

.debug_abbrev   0x00000000     0x1d03
 *(.debug_abbrev)
 .debug_abbrev  0x00000000      0x66e C:/Program Files (x86)/Atmel/Studio/7.0/Packs/atmel/ATmega_DFP/1.2.209/gcc/dev/atmega644pa/avr5/crtatmega644pa.o
 .debug_abbrev  0x0000066e      0x349 fsm.o
 .debug_abbrev  0x000009b7      0x124 main.o
 .debug_abbrev  0x00000adb      0x1fb maze.o
 .debug_abbrev  0x00000cd6      0x17f ../../01 System/Debug\libsystem.a(encoder.o)
 .debug_abbrev  0x00000e55      0x253 ../../01 System/Debug\libsystem.a(line_sensors.o)
 .debug_abbrev  0x000010a8      0x1cf ../../01 System/Debug\libsystem.a(log.o)
 .debug_abbrev  0x00001277      0x166 ../../01 System/Debug\libsystem.a(motor.o)
 .debug_abbrev  0x000013dd       0xfb ../../01 System/Debug\libsystem.a(pid.o)
 .debug_abbrev  0x000014d8      0x154 ../../01 System/Debug\libsystem.a(scheduler51.o)
 .debug_abbrev  0x0000162c      0x444 ../../01 System/Debug\libsystem.a(system.o)
 .debug_abbrev  0x00001a70      0x146 ../../01 System/Debug\libsystem.a(timer.o)
 .debug_abbrev  0x00001bb6      0x111 ../../01 System/Debug\libsystem.a(uart.o)
 .debug_abbrev  0x00001cc7       0x14 C:/Program Files (x86)/Atmel/Studio/7.0/Packs/atmel/ATmega_DFP/1.2.209/gcc/dev/atmega644pa/avr5\libatmega644pa.a(eerd_block.o)
 .debug_abbrev  0x00001cdb       0x14 C:/Program Files (x86)/Atmel/Studio/7.0/Packs/atmel/ATmega_DFP/1.2.209/gcc/dev/atmega644pa/avr5\libatmega644pa.a(eewr_block.o)
 .debug_abbrev  0x00001cef       0x14 C:/Program Files (x86)/Atmel/Studio/7.0/Packs/atmel/ATmega_DFP/1.2.209/gcc/dev/atmega644pa/avr5\libatmega644pa.a(eewr_byte.o)

.debug_line     0x00000000     0x2d66
 *(.debug_line .debug_line.* .debug_line_end)
 .debug_line    0x00000000      0x151 C:/Program Files (x86)/Atmel/Studio/7.0/Packs/atmel/ATmega_DFP/1.2.209/gcc/dev/atmega644pa/avr5/crtatmega644pa.o
 .debug_line    0x00000151      0x9ee fsm.o
 .debug_line    0x00000b3f      0x101 main.o
 .debug_line    0x00000c40      0x44f maze.o
 .debug_line    0x0000108f      0x1d6 ../../01 System/Debug\libsystem.a(encoder.o)
 .debug_line    0x00001265      0x43c ../../01 System/Debug\libsystem.a(line_sensors.o)
 .debug_line    0x000016a1      0x202 ../../01 System/Debug\libsystem.a(log.o)
 .debug_line    0x000018a3      0x2b7 ../../01 System/Debug\libsystem.a(motor.o)
 .debug_line    0x00001b5a      0x172 ../../01 System/Debug\libsystem.a(pid.o)
 .debug_line    0x00001ccc      0x1f5 ../../01 System/Debug\libsystem.a(scheduler51.o)
 .debug_line    0x00001ec1      0x6f9 ../../01 System/Debug\libsystem.a(system.o)
 .debug_line    0x000025ba      0x222 ../../01 System/Debug\libsystem.a(timer.o)
 .debug_line    0x000027dc      0x3c1 ../../01 System/Debug\libsystem.a(uart.o)
 .debug_line    0x00002b9d       0xab C:/Program Files (x86)/Atmel/Studio/7.0/Packs/atmel/ATmega_DFP/1.2.209/gcc/dev/atmega644pa/avr5\libatmega644pa.a(eerd_block.o)
 .debug_line    0x00002c48       0x80 C:/Program Files (x86)/Atmel/Studio/7.0/Packs/atmel/ATmega_DFP/1.2.209/gcc/dev/atmega644pa/avr5\libatmega644pa.a(eewr_block.o)
 .debug_line    0x00002cc8       0x9e C:/Program Files (x86)/Atmel/Studio/7.0/Packs/atmel/ATmega_DFP/1.2.209/gcc/dev/atmega644pa/avr5\libatmega644pa.a(eewr_byte.o)

.debug_frame    0x00000000      0xd90
 *(.debug_frame)
 .debug_frame   0x00000000      0x3f0 fsm.o
 .debug_frame   0x000003f0       0x24 main.o
 .debug_frame   0x00000414      0x190 maze.o
 .debug_frame   0x000005a4       0x94 ../../01 System/Debug\libsystem.a(encoder.o)
 .debug_frame   0x00000638       0xf8 ../../01 System/Debug\libsystem.a(line_sensors.o)
 .debug_frame   0x00000730      0x118 ../../01 System/Debug\libsystem.a(log.o)
 .debug_frame   0x00000848       0x68 ../../01 System/Debug\libsystem.a(motor.o)
 .debug_frame   0x000008b0       0x70 ../../01 System/Debug\libsystem.a(pid.o)
 .debug_frame   0x00000920       0x74 ../../01 System/Debug\libsystem.a(scheduler51.o)
 .debug_frame   0x00000994      0x21c ../../01 System/Debug\libsystem.a(system.o)
 .debug_frame   0x00000bb0       0x34 ../../01 System/Debug\libsystem.a(timer.o)
 .debug_frame   0x00000be4      0x1ac ../../01 System/Debug\libsystem.a(uart.o)

.debug_str      0x00000000     0x1361
 *(.debug_str)
 .debug_str     0x00000000      0x252 C:/Program Files (x86)/Atmel/Studio/7.0/Packs/atmel/ATmega_DFP/1.2.209/gcc/dev/atmega644pa/avr5/crtatmega644pa.o
 .debug_str     0x00000252      0x84b fsm.o
                                0x8c6 (size before relaxing)
 .debug_str     0x00000a9d       0x76 main.o
                                0x308 (size before relaxing)
 .debug_str     0x00000b13      0x151 maze.o
                                0x522 (size before relaxing)
 .debug_str     0x00000c64       0x99 ../../01 System/Debug\libsystem.a(encoder.o)
                                0x2f3 (size before relaxing)
 .debug_str     0x00000cfd       0xf6 ../../01 System/Debug\libsystem.a(line_sensors.o)
                                0x440 (size before relaxing)
 .debug_str     0x00000df3       0xbb ../../01 System/Debug\libsystem.a(log.o)
                                0x37a (size before relaxing)
 .debug_str     0x00000eae       0x36 ../../01 System/Debug\libsystem.a(motor.o)
                                0x372 (size before relaxing)
 .debug_str     0x00000ee4       0x58 ../../01 System/Debug\libsystem.a(pid.o)
                                0x240 (size before relaxing)
 .debug_str     0x00000f3c       0xac ../../01 System/Debug\libsystem.a(scheduler51.o)
                                0x23c (size before relaxing)
 .debug_str     0x00000fe8      0x1f7 ../../01 System/Debug\libsystem.a(system.o)
                                0x64a (size before relaxing)
 .debug_str     0x000011df        0xd ../../01 System/Debug\libsystem.a(timer.o)
                                0x20b (size before relaxing)
 .debug_str     0x000011ec      0x175 ../../01 System/Debug\libsystem.a(uart.o)
                                0x306 (size before relaxing)

.debug_loc      0x00000000     0x379e
 *(.debug_loc)
 .debug_loc     0x00000000     0x1086 fsm.o
 .debug_loc     0x00001086      0xa3d maze.o
 .debug_loc     0x00001ac3      0x112 ../../01 System/Debug\libsystem.a(encoder.o)
 .debug_loc     0x00001bd5      0x46a ../../01 System/Debug\libsystem.a(line_sensors.o)
 .debug_loc     0x0000203f      0x2a3 ../../01 System/Debug\libsystem.a(log.o)
 .debug_loc     0x000022e2      0x178 ../../01 System/Debug\libsystem.a(motor.o)
 .debug_loc     0x0000245a      0x2d9 ../../01 System/Debug\libsystem.a(pid.o)
 .debug_loc     0x00002733      0x196 ../../01 System/Debug\libsystem.a(scheduler51.o)
 .debug_loc     0x000028c9      0x60d ../../01 System/Debug\libsystem.a(system.o)
 .debug_loc     0x00002ed6      0x275 ../../01 System/Debug\libsystem.a(timer.o)
 .debug_loc     0x0000314b      0x653 ../../01 System/Debug\libsystem.a(uart.o)

.debug_macinfo
 *(.debug_macinfo)

.debug_weaknames
 *(.debug_weaknames)

.debug_funcnames
 *(.debug_funcnames)

.debug_typenames
 *(.debug_typenames)

.debug_varnames
 *(.debug_varnames)

.debug_pubtypes
 *(.debug_pubtypes)

.debug_ranges   0x00000000      0x3c8
 *(.debug_ranges)
 .debug_ranges  0x00000000       0xd8 fsm.o
 .debug_ranges  0x000000d8       0x10 main.o
 .debug_ranges  0x000000e8       0x48 maze.o
 .debug_ranges  0x00000130       0x28 ../../01 System/Debug\libsystem.a(encoder.o)
 .debug_ranges  0x00000158       0x30 ../../01 System/Debug\libsystem.a(line_sensors.o)
 .debug_ranges  0x00000188       0x30 ../../01 System/Debug\libsystem.a(log.o)
 .debug_ranges  0x000001b8       0x28 ../../01 System/Debug\libsystem.a(motor.o)
 .debug_ranges  0x000001e0       0x20 ../../01 System/Debug\libsystem.a(pid.o)
 .debug_ranges  0x00000200       0x30 ../../01 System/Debug\libsystem.a(scheduler51.o)
 .debug_ranges  0x00000230       0xc0 ../../01 System/Debug\libsystem.a(system.o)
 .debug_ranges  0x000002f0       0x30 ../../01 System/Debug\libsystem.a(timer.o)
 .debug_ranges  0x00000320       0xa8 ../../01 System/Debug\libsystem.a(uart.o)

.debug_macro
 *(.debug_macro)
OUTPUT(04 Maze Solver I.elf elf32-avr)
LOAD linker stubs
